初始化 DeepSeekClient...
创建头像窗口...
头像位置: (803, 483)
创建聊天窗口...
加载记忆...
程序启动完成！
初始化 DeepSeekClient...
创建头像窗口...
头像位置: (803, 483)
创建聊天窗口...
加载记忆...
程序启动完成！
初始化 DeepSeekClient...
创建头像窗口...
头像位置: (803, 483)
创建聊天窗口...
加载记忆...
程序启动完成！
初始化 DeepSeekClient...
创建头像窗口...
头像位置: (803, 483)
创建聊天窗口...
加载记忆...
程序启动完成！
初始化 DeepSeekClient...
创建头像窗口...
头像位置: (803, 483)
创建聊天窗口...
加载记忆...
程序启动完成！
初始化 DeepSeekClient...
创建头像窗口...
头像位置: (803, 483)
创建聊天窗口...
加载记忆...
程序启动完成！
初始化 DeepSeekClient...
创建头像窗口...
头像位置: (803, 483)
创建聊天窗口...
加载记忆...
程序启动完成！
初始化 DeepSeekClient...
创建头像窗口...
头像位置: (803, 483)
创建聊天窗口...
加载记忆...
程序启动完成！
初始化 DeepSeekClient...
创建头像窗口...
头像位置: (803, 483)
创建聊天窗口...
加载记忆...
程序启动完成！
初始化 DeepSeekClient...
创建头像窗口...
头像位置: (803, 483)
创建聊天窗口...
加载记忆...
初始化摄像头情绪识别...
初始化 DeepSeekClient...
创建头像窗口...
头像位置: (803, 483)
创建聊天窗口...
加载记忆...
初始化摄像头情绪识别...
摄像头情绪识别启动失败（可能没有摄像头或权限）
初始化自动消息发送...
自动消息发送启动成功
程序启动完成！
自动发送消息: 要不要聊聊天？
自动发送消息: 好久没和你聊天了，想我了吗？
初始化 DeepSeekClient...
创建头像窗口...
头像位置: (803, 483)
创建聊天窗口...
加载记忆...
初始化摄像头情绪识别...
摄像头情绪识别启动失败（可能没有摄像头或权限）
初始化自动消息发送...
自动消息发送启动成功
程序启动完成！
自动发送消息: 我在这里哦，随时等你！
初始化 DeepSeekClient...
创建头像窗口...
头像位置: (803, 483)
创建聊天窗口...
加载记忆...
初始化摄像头情绪识别...
摄像头情绪识别启动成功
初始化自动消息发送...
自动消息发送启动成功
程序启动完成！
初始化 DeepSeekClient...
创建头像窗口...
头像位置: (803, 483)
创建聊天窗口...
加载记忆...
初始化摄像头情绪识别...
摄像头情绪识别启动成功
初始化自动消息发送...
自动消息发送启动成功
程序启动完成！
自动发送消息: 要不要聊聊天？
初始化 DeepSeekClient...
创建头像窗口...
头像位置: (803, 483)
创建聊天窗口...
加载记忆...
初始化摄像头情绪识别...
摄像头情绪识别启动失败（可能没有摄像头或权限）
初始化自动消息发送...
自动消息发送启动成功
程序启动完成！
自动发送消息: 有什么开心的事想分享吗？
初始化 DeepSeekClient...
创建头像窗口...
头像位置: (803, 483)
创建聊天窗口...
加载记忆...
初始化摄像头情绪识别...
摄像头情绪识别启动失败（可能没有摄像头或权限）
初始化自动消息发送...
自动消息发送启动成功
程序启动完成！
初始化 DeepSeekClient...
创建头像窗口...
头像位置: (803, 483)
创建聊天窗口...
加载记忆...
初始化摄像头情绪识别...
摄像头情绪识别启动失败（可能没有摄像头或权限）
初始化自动消息发送...
自动消息发送启动成功
程序启动完成！
初始化 DeepSeekClient...
创建头像窗口...
头像位置: (803, 483)
创建聊天窗口...
加载记忆...
初始化摄像头情绪识别...
摄像头情绪识别启动失败（可能没有摄像头或权限）
初始化自动消息发送...
自动消息发送启动成功
程序启动完成！
自动发送消息: 我在这里哦，随时等你！
初始化 DeepSeekClient...
创建头像窗口...
头像位置: (803, 483)
创建聊天窗口...
加载记忆...
初始化摄像头情绪识别...
摄像头情绪识别启动失败（可能没有摄像头或权限）
初始化自动消息发送...
自动消息发送启动成功
程序启动完成！
初始化 DeepSeekClient...
创建头像窗口...
头像位置: (803, 483)
创建聊天窗口...
加载记忆...
初始化摄像头情绪识别...
摄像头情绪识别启动成功
初始化自动消息发送...
自动消息发送启动成功
程序启动完成！
摄像头检测到情绪: happy
摄像头检测到情绪: calm
摄像头检测到情绪: happy
摄像头检测到情绪: calm
摄像头检测到情绪: happy
摄像头检测到情绪: calm
初始化 DeepSeekClient...
创建头像窗口...
头像位置: (803, 483)
创建聊天窗口...
加载记忆...
初始化摄像头情绪识别...
摄像头情绪识别启动成功
初始化自动消息发送...
自动消息发送启动成功
程序启动完成！
摄像头检测到情绪: happy
摄像头检测到情绪: calm
摄像头检测到情绪: happy
摄像头检测到情绪: calm
摄像头检测到情绪: happy
摄像头检测到情绪: calm
摄像头检测到情绪: happy
摄像头检测到情绪: calm
摄像头检测到情绪: happy
摄像头检测到情绪: calm
摄像头检测到情绪: happy
摄像头检测到情绪: calm
摄像头检测到情绪: happy
摄像头检测到情绪: calm
摄像头检测到情绪: happy
摄像头检测到情绪: calm
摄像头检测到情绪: surprised
摄像头检测到情绪: happy
摄像头检测到情绪: surprised
摄像头检测到情绪: calm
摄像头检测到情绪: happy
自动发送消息: 我猜你现在可能在工作？
初始化 DeepSeekClient...
创建头像窗口...
头像位置: (803, 483)
创建聊天窗口...
加载记忆...
初始化摄像头情绪识别...
摄像头情绪识别启动成功
初始化自动消息发送...
自动消息发送启动成功
程序启动完成！
自动发送消息: 今天过得怎么样？
自动发送消息: 是不是累了？休息一下吧~
摄像头检测到情绪: happy
摄像头检测到情绪: calm
摄像头检测到情绪: happy
摄像头检测到情绪: calm
摄像头检测到情绪: sad
摄像头检测到情绪: calm
摄像头检测到情绪: sad
摄像头检测到情绪: calm
摄像头检测到情绪: sad
摄像头检测到情绪: calm
自动发送消息: 好久没和你聊天了，想我了吗？
摄像头检测到情绪: happy
摄像头检测到情绪: calm
摄像头检测到情绪: happy
摄像头检测到情绪: calm
摄像头检测到情绪: happy
摄像头检测到情绪: calm
摄像头检测到情绪: happy
摄像头检测到情绪: calm
摄像头检测到情绪: surprised
摄像头检测到情绪: calm
摄像头检测到情绪: surprised
摄像头检测到情绪: calm
摄像头检测到情绪: surprised
摄像头检测到情绪: calm
摄像头检测到情绪: surprised
摄像头检测到情绪: calm
摄像头检测到情绪: surprised
摄像头检测到情绪: calm
摄像头检测到情绪: surprised
摄像头检测到情绪: calm
摄像头检测到情绪: surprised
摄像头检测到情绪: calm
摄像头检测到情绪: surprised
摄像头检测到情绪: calm
摄像头检测到情绪: surprised
摄像头检测到情绪: calm
摄像头检测到情绪: surprised
摄像头检测到情绪: calm
摄像头检测到情绪: surprised
摄像头检测到情绪: calm
摄像头检测到情绪: surprised
摄像头检测到情绪: calm
摄像头检测到情绪: surprised
摄像头检测到情绪: happy
自动发送消息: 天气真好，出去走走吧！
摄像头检测到情绪: calm
摄像头检测到情绪: happy
摄像头检测到情绪: calm
摄像头检测到情绪: happy
摄像头检测到情绪: calm
摄像头检测到情绪: happy
摄像头检测到情绪: calm
摄像头检测到情绪: happy
摄像头检测到情绪: calm
摄像头检测到情绪: sad
摄像头检测到情绪: calm
摄像头检测到情绪: surprised
摄像头检测到情绪: calm
摄像头检测到情绪: happy
摄像头检测到情绪: sad
摄像头检测到情绪: surprised
摄像头检测到情绪: happy
摄像头检测到情绪: surprised
摄像头检测到情绪: happy
摄像头检测到情绪: calm
摄像头检测到情绪: happy
摄像头检测到情绪: surprised
摄像头检测到情绪: calm
摄像头检测到情绪: happy
摄像头检测到情绪: calm
摄像头检测到情绪: happy
摄像头检测到情绪: surprised
摄像头检测到情绪: happy
摄像头检测到情绪: surprised
摄像头检测到情绪: happy
摄像头检测到情绪: calm
摄像头检测到情绪: happy
摄像头检测到情绪: calm
摄像头检测到情绪: happy
摄像头检测到情绪: surprised
摄像头检测到情绪: calm
摄像头检测到情绪: happy
初始化 DeepSeekClient...
创建头像窗口...
头像位置: (803, 483)
创建聊天窗口...
加载记忆...
初始化摄像头情绪识别...
摄像头情绪识别启动成功
初始化自动消息发送...
自动消息发送启动成功
程序启动完成！
摄像头检测到情绪: sad
摄像头检测到情绪: happy
摄像头检测到情绪: surprised
摄像头检测到情绪: calm
摄像头检测到情绪: happy
自动发送消息: 嘿，还记得我们之前聊过什么吗？
摄像头检测到情绪: calm
摄像头检测到情绪: surprised
摄像头检测到情绪: calm
摄像头检测到情绪: surprised
摄像头检测到情绪: calm
摄像头检测到情绪: surprised
摄像头检测到情绪: calm
摄像头检测到情绪: happy
摄像头检测到情绪: calm
摄像头检测到情绪: happy
摄像头检测到情绪: calm
自动发送消息: 今天过得怎么样？
自动发送消息: 嘿，还记得我们之前聊过什么吗？
摄像头检测到情绪: happy
摄像头检测到情绪: calm
摄像头检测到情绪: happy
摄像头检测到情绪: calm
摄像头检测到情绪: surprised
摄像头检测到情绪: happy
摄像头检测到情绪: surprised
摄像头检测到情绪: happy
摄像头检测到情绪: surprised
摄像头检测到情绪: happy
初始化 DeepSeekClient...
创建头像窗口...
头像位置: (803, 483)
创建聊天窗口...
加载记忆...
初始化摄像头情绪识别...
摄像头情绪识别启动成功
初始化自动消息发送...
自动消息发送启动成功
程序启动完成！
摄像头检测到情绪: happy
摄像头检测到情绪: surprised
摄像头检测到情绪: happy
摄像头检测到情绪: calm
摄像头检测到情绪: happy
摄像头检测到情绪: surprised
摄像头检测到情绪: happy
摄像头检测到情绪: surprised
摄像头检测到情绪: happy
摄像头检测到情绪: calm
摄像头检测到情绪: surprised
摄像头检测到情绪: calm
摄像头检测到情绪: surprised
摄像头检测到情绪: calm
摄像头检测到情绪: happy
摄像头检测到情绪: calm
摄像头检测到情绪: surprised
摄像头检测到情绪: happy
摄像头检测到情绪: surprised
摄像头检测到情绪: calm
摄像头检测到情绪: happy
摄像头检测到情绪: surprised
摄像头检测到情绪: happy
摄像头检测到情绪: calm
摄像头检测到情绪: surprised
摄像头检测到情绪: calm
摄像头检测到情绪: happy
摄像头检测到情绪: calm
摄像头检测到情绪: happy
摄像头检测到情绪: calm
初始化 DeepSeekClient...
创建头像窗口...
头像位置: (803, 483)
创建聊天窗口...
加载记忆...
初始化摄像头情绪识别...
摄像头情绪识别启动成功
初始化自动消息发送...
自动消息发送启动成功
程序启动完成！
摄像头检测到情绪: happy
初始化 DeepSeekClient...
创建头像窗口...
头像位置: (803, 483)
创建聊天窗口...
加载记忆...
初始化摄像头情绪识别...
摄像头情绪识别启动成功
初始化自动消息发送...
自动消息发送启动成功
程序启动完成！
摄像头检测到情绪: happy
初始化 DeepSeekClient...
创建头像窗口...
头像位置: (803, 483)
创建聊天窗口...
加载记忆...
初始化摄像头情绪识别...
摄像头情绪识别启动成功
初始化自动消息发送...
自动消息发送启动成功
程序启动完成！
摄像头检测到情绪: surprised
摄像头检测到情绪: calm
摄像头检测到情绪: surprised
摄像头检测到情绪: calm
摄像头检测到情绪: surprised
摄像头检测到情绪: calm
摄像头检测到情绪: surprised
摄像头检测到情绪: calm
摄像头检测到情绪: surprised
摄像头检测到情绪: calm
摄像头检测到情绪: surprised
摄像头检测到情绪: calm
摄像头检测到情绪: surprised
摄像头检测到情绪: calm
摄像头检测到情绪: surprised
摄像头检测到情绪: calm
摄像头检测到情绪: surprised
初始化 DeepSeekClient...
创建头像窗口...
头像位置: (803, 483)
创建聊天窗口...
加载记忆...
初始化摄像头情绪识别...
摄像头情绪识别启动成功
初始化自动消息发送...
自动消息发送启动成功
程序启动完成！
摄像头检测到情绪: surprised
摄像头检测到情绪: calm
摄像头检测到情绪: surprised
初始化 DeepSeekClient...
创建头像窗口...
头像位置: (803, 483)
创建聊天窗口...
加载记忆...
初始化摄像头情绪识别...
摄像头情绪识别启动成功
初始化自动消息发送...
自动消息发送启动成功
程序启动完成！
摄像头检测到情绪: surprised
摄像头检测到情绪: calm
摄像头检测到情绪: surprised
摄像头检测到情绪: calm
摄像头检测到情绪: surprised
摄像头检测到情绪: calm
摄像头检测到情绪: surprised
摄像头检测到情绪: calm
摄像头检测到情绪: surprised
摄像头检测到情绪: calm
摄像头检测到情绪: surprised
摄像头检测到情绪: calm
摄像头检测到情绪: surprised
摄像头检测到情绪: calm
摄像头检测到情绪: surprised
摄像头检测到情绪: calm
摄像头检测到情绪: surprised
摄像头检测到情绪: calm
摄像头检测到情绪: surprised
摄像头检测到情绪: calm
摄像头检测到情绪: surprised
摄像头检测到情绪: calm
摄像头检测到情绪: surprised
摄像头检测到情绪: calm
摄像头检测到情绪: surprised
摄像头检测到情绪: calm
摄像头检测到情绪: surprised
摄像头检测到情绪: calm
摄像头检测到情绪: surprised
摄像头检测到情绪: calm
摄像头检测到情绪: sad
初始化 DeepSeekClient...
创建头像窗口...
头像位置: (803, 483)
创建聊天窗口...
加载记忆...
初始化摄像头情绪识别...
摄像头情绪识别启动成功
初始化自动消息发送...
自动消息发送启动成功
程序启动完成！
摄像头检测到情绪: surprised
自动发送消息: 我看到一些最新资讯，和你分享一下：

1. \u676d\u5dde82\u5c81\u5976\u5976\u5bb6\u6f0f\u6c34\u53d1\u9709\uff0c\u88ab\u8feb\u642c\u79bb6\u5e74\uff0c\u8d77\u56e0\u7adf...
2. \u5c0f\u54e5\u5bb6\uff5c\u81f4\u656c\u70c8\u65e5\u4e0b\u7684\u5954\u8dd1\u8005\uff01\u6f6e\u65b0\u95fb2026\u201c\u5173...
3. \u66fe\u5237\u7206\u670b\u53cb\u5708\uff01\u966a\u4f34\u676d\u5dde\u4eba\u5341\u5e74\u7684\u77e5\u540d\u4e66\u5e97\u8981\u5173\u4e86\uff0c...

哈哈哈，我笑出声了，你一定要看看这个评论！
摄像头检测到情绪: calm
自动发送消息: 我看到一些最新资讯，和你分享一下：

1. 00\u540e\u5c0f\u4f19\u82b1\u8d39\u767e\u4e07\u5f00\u64b8\u5ba0\u9986\uff1a\u7ed9\u6d41\u6d6a\u52a8\u7269\u9020\u4e00\u4e2a\u6e29...
2. \u5c0f\u54e5\u5bb6\uff5c\u81f4\u656c\u70c8\u65e5\u4e0b\u7684\u5954\u8dd1\u8005\uff01\u6f6e\u65b0\u95fb2026\u201c\u5173...
3. \u6f6e\u5708\u70ed\u8bae\uff5c\u8001\u5c0f\u533a\u672c\u5c31\u505c\u8f66\u96be\uff0c\u906d\u9047\u201c\u50f5\u5c38\u8f66\u201d\u5360\u8f66...

这个新闻下面的评论太有意思了，给你分享一下！
摄像头检测到情绪: sad
摄像头检测到情绪: calm
摄像头检测到情绪: happy
摄像头检测到情绪: calm
摄像头检测到情绪: surprised
摄像头检测到情绪: calm
摄像头检测到情绪: surprised
摄像头检测到情绪: calm
摄像头检测到情绪: surprised
摄像头检测到情绪: calm
初始化 DeepSeekClient...
创建头像窗口...
头像位置: (803, 483)
创建聊天窗口...
加载记忆...
初始化摄像头情绪识别...
摄像头情绪识别启动成功
初始化自动消息发送...
自动消息发送启动成功
程序启动完成！
初始化 DeepSeekClient...
创建头像窗口...
头像位置: (803, 483)
创建聊天窗口...
加载记忆...
初始化摄像头情绪识别...
摄像头情绪识别启动成功
初始化自动消息发送...
自动消息发送启动成功
程序启动完成！
摄像头检测到情绪: surprised
摄像头检测到情绪: sad
摄像头检测到情绪: surprised
摄像头检测到情绪: calm
摄像头检测到情绪: surprised
摄像头检测到情绪: calm
摄像头检测到情绪: surprised
摄像头检测到情绪: calm
摄像头检测到情绪: surprised
摄像头检测到情绪: calm
摄像头检测到情绪: surprised
摄像头检测到情绪: calm
摄像头检测到情绪: surprised
摄像头检测到情绪: calm
摄像头检测到情绪: surprised
摄像头检测到情绪: calm
摄像头检测到情绪: surprised
摄像头检测到情绪: calm
摄像头检测到情绪: surprised
摄像头检测到情绪: calm
摄像头检测到情绪: surprised
摄像头检测到情绪: calm
摄像头检测到情绪: surprised
摄像头检测到情绪: calm
摄像头检测到情绪: surprised
摄像头检测到情绪: calm
摄像头检测到情绪: surprised
摄像头检测到情绪: calm
摄像头检测到情绪: surprised
摄像头检测到情绪: sad
摄像头检测到情绪: calm
摄像头检测到情绪: surprised
摄像头检测到情绪: calm
摄像头检测到情绪: surprised
摄像头检测到情绪: calm
摄像头检测到情绪: surprised
摄像头检测到情绪: calm
自动发送消息: 我看到一些最新资讯，和你分享一下：

1. \u5c0f\u54e5\u5bb6\uff5c\u81f4\u656c\u70c8\u65e5\u4e0b\u7684\u5954\u8dd1\u8005\uff01\u6f6e\u65b0\u95fb2026\u201c\u5173...
2. \u676d\u5dde82\u5c81\u5976\u5976\u5bb6\u6f0f\u6c34\u53d1\u9709\uff0c\u88ab\u8feb\u642c\u79bb6\u5e74\uff0c\u8d77\u56e0\u7adf...
3. 00\u540e\u5c0f\u4f19\u82b1\u8d39\u767e\u4e07\u5f00\u64b8\u5ba0\u9986\uff1a\u7ed9\u6d41\u6d6a\u52a8\u7269\u9020\u4e00\u4e2a\u6e29...

网友们太有才了，这个评论绝了！
摄像头检测到情绪: surprised
摄像头检测到情绪: calm
摄像头检测到情绪: surprised
摄像头检测到情绪: calm
摄像头检测到情绪: surprised
摄像头检测到情绪: calm
摄像头检测到情绪: surprised
摄像头检测到情绪: calm
初始化 DeepSeekClient...
创建头像窗口...
头像位置: (803, 483)
创建聊天窗口...
加载记忆...
初始化摄像头情绪识别...
摄像头情绪识别启动成功
初始化自动消息发送...
自动消息发送启动成功
程序启动完成！
摄像头检测到情绪: surprised
摄像头检测到情绪: calm
初始化 DeepSeekClient...
创建头像窗口...
头像位置: (803, 483)
创建聊天窗口...
加载记忆...
初始化摄像头情绪识别...
摄像头情绪识别启动成功
初始化自动消息发送...
自动消息发送启动成功
程序启动完成！
摄像头检测到情绪: sad
初始化 DeepSeekClient...
创建头像窗口...
头像位置: (803, 483)
创建聊天窗口...
加载记忆...
初始化摄像头情绪识别...
摄像头情绪识别启动成功
初始化自动消息发送...
自动消息发送启动成功
程序启动完成！
摄像头检测到情绪: sad
摄像头检测到情绪: calm
摄像头检测到情绪: surprised
摄像头检测到情绪: calm
摄像头检测到情绪: surprised
摄像头检测到情绪: calm
摄像头检测到情绪: surprised
摄像头检测到情绪: calm
摄像头检测到情绪: surprised
摄像头检测到情绪: calm
摄像头检测到情绪: surprised
摄像头检测到情绪: calm
摄像头检测到情绪: surprised
摄像头检测到情绪: calm
摄像头检测到情绪: happy
摄像头检测到情绪: calm
摄像头检测到情绪: surprised
摄像头检测到情绪: calm
摄像头检测到情绪: sad
摄像头检测到情绪: calm
摄像头检测到情绪: sad
摄像头检测到情绪: surprised
摄像头检测到情绪: calm
摄像头检测到情绪: surprised
摄像头检测到情绪: calm
初始化 DeepSeekClient...
创建头像窗口...
头像位置: (803, 483)
创建聊天窗口...
加载记忆...
初始化摄像头情绪识别...
摄像头情绪识别启动成功
初始化自动消息发送...
自动消息发送启动成功
程序启动完成！
摄像头检测到情绪: surprised
摄像头检测到情绪: calm
摄像头检测到情绪: surprised
摄像头检测到情绪: calm
摄像头检测到情绪: surprised
摄像头检测到情绪: calm
初始化 DeepSeekClient...
创建头像窗口...
头像位置: (803, 483)
创建聊天窗口...
加载记忆...
初始化摄像头情绪识别...
摄像头情绪识别启动成功
初始化自动消息发送...
自动消息发送启动成功
程序启动完成！
摄像头检测到情绪: happy
摄像头检测到情绪: calm
摄像头检测到情绪: happy
摄像头检测到情绪: calm
初始化 DeepSeekClient...
创建头像窗口...
头像位置: (803, 483)
创建聊天窗口...
加载记忆...
初始化摄像头情绪识别...
摄像头情绪识别启动成功
初始化自动消息发送...
自动消息发送启动成功
程序启动完成！
摄像头检测到情绪: happy
摄像头检测到情绪: calm
摄像头检测到情绪: happy
摄像头检测到情绪: calm
初始化 DeepSeekClient...
创建头像窗口...
头像位置: (803, 483)
创建聊天窗口...
加载记忆...
初始化摄像头情绪识别...
摄像头情绪识别启动成功
初始化自动消息发送...
自动消息发送启动成功
程序启动完成！
摄像头检测到情绪: happy
摄像头检测到情绪: calm
摄像头检测到情绪: happy
初始化 DeepSeekClient...
创建头像窗口...
头像位置: (803, 483)
创建聊天窗口...
加载记忆...
初始化摄像头情绪识别...
摄像头情绪识别启动成功
初始化自动消息发送...
自动消息发送启动成功
程序启动完成！
摄像头检测到情绪: calm
摄像头检测到情绪: happy
摄像头检测到情绪: calm
摄像头检测到情绪: happy
摄像头检测到情绪: calm
摄像头检测到情绪: surprised
摄像头检测到情绪: calm
摄像头检测到情绪: surprised
摄像头检测到情绪: calm
摄像头检测到情绪: happy
摄像头检测到情绪: calm
摄像头检测到情绪: surprised
摄像头检测到情绪: calm
自动发送消息: 我看到一些最新资讯，和你分享一下：

1. \u676d\u5dde\u56db\u5b63\u9752\u5927\u7529\u5356\uff0c\u4ef7\u683c\u4e00\u6298\u518d\u6298\uff0c\u6709\u4eba7\u70b9\u591a\u8d76\u5230...
2. \u5c0f\u54e5\u5bb6\uff5c\u81f4\u656c\u70c8\u65e5\u4e0b\u7684\u5954\u8dd1\u8005\uff01\u6f6e\u65b0\u95fb2026\u201c\u5173...
3. \u676d\u5dde82\u5c81\u5976\u5976\u5bb6\u6f0f\u6c34\u53d1\u9709\uff0c\u88ab\u8feb\u642c\u79bb6\u5e74\uff0c\u8d77\u56e0\u7adf...

刚刷到一个神评论，必须分享给你！
摄像头检测到情绪: surprised
摄像头检测到情绪: calm
摄像头检测到情绪: surprised
摄像头检测到情绪: calm
摄像头检测到情绪: surprised
摄像头检测到情绪: happy
摄像头检测到情绪: surprised
摄像头检测到情绪: calm
摄像头检测到情绪: surprised
摄像头检测到情绪: calm
摄像头检测到情绪: surprised
摄像头检测到情绪: calm
摄像头检测到情绪: surprised
摄像头检测到情绪: calm
自动发送消息: 我看到一些最新资讯，和你分享一下：

1. \u676d\u5dde\u56db\u5b63\u9752\u5927\u7529\u5356\uff0c\u4ef7\u683c\u4e00\u6298\u518d\u6298\uff0c\u6709\u4eba7\u70b9\u591a\u8d76\u5230...
2. \u5c0f\u54e5\u5bb6\uff5c\u81f4\u656c\u70c8\u65e5\u4e0b\u7684\u5954\u8dd1\u8005\uff01\u6f6e\u65b0\u95fb2026\u201c\u5173...
3. \u676d\u5dde82\u5c81\u5976\u5976\u5bb6\u6f0f\u6c34\u53d1\u9709\uff0c\u88ab\u8feb\u642c\u79bb6\u5e74\uff0c\u8d77\u56e0\u7adf...

哈哈哈，我笑出声了，你一定要看看这个评论！
初始化 DeepSeekClient...
创建头像窗口...
头像位置: (803, 483)
创建聊天窗口...
加载记忆...
初始化摄像头情绪识别...
摄像头情绪识别启动成功
初始化自动消息发送...
自动消息发送启动成功
程序启动完成！
摄像头检测到情绪: surprised
摄像头检测到情绪: calm
摄像头检测到情绪: happy
摄像头检测到情绪: calm
初始化 DeepSeekClient...
创建头像窗口...
头像位置: (803, 483)
创建聊天窗口...
加载记忆...
初始化摄像头情绪识别...
摄像头情绪识别启动成功
初始化自动消息发送...
自动消息发送启动成功
程序启动完成！
摄像头检测到情绪: happy
初始化 DeepSeekClient...
创建头像窗口...
头像位置: (803, 483)
创建聊天窗口...
加载记忆...
初始化摄像头情绪识别...
摄像头情绪识别启动成功
初始化自动消息发送...
自动消息发送启动成功
程序启动完成！
摄像头检测到情绪: happy
初始化 DeepSeekClient...
创建头像窗口...
头像位置: (803, 483)
创建聊天窗口...
加载记忆...
初始化摄像头情绪识别...
摄像头情绪识别启动成功
初始化自动消息发送...
自动消息发送启动成功
程序启动完成！
摄像头检测到情绪: happy
初始化 DeepSeekClient...
创建头像窗口...
头像位置: (803, 483)
创建聊天窗口...
加载记忆...
初始化摄像头情绪识别...
摄像头情绪识别启动成功
初始化自动消息发送...
自动消息发送启动成功
程序启动完成！
摄像头检测到情绪: happy
初始化 DeepSeekClient...
创建头像窗口...
头像位置: (803, 483)
创建聊天窗口...
加载记忆...
初始化摄像头情绪识别...
摄像头情绪识别启动成功
初始化自动消息发送...
自动消息发送启动成功
程序启动完成！
摄像头检测到情绪: happy
初始化 DeepSeekClient...
创建头像窗口...
头像位置: (803, 483)
创建聊天窗口...
加载记忆...
初始化摄像头情绪识别...
摄像头情绪识别启动成功
初始化自动消息发送...
自动消息发送启动成功
程序启动完成！
摄像头检测到情绪: happy
初始化 DeepSeekClient...
创建头像窗口...
头像位置: (803, 483)
创建聊天窗口...
加载记忆...
初始化摄像头情绪识别...
摄像头情绪识别启动成功
初始化自动消息发送...
自动消息发送启动成功
程序启动完成！
摄像头检测到情绪: happy
初始化 DeepSeekClient...
创建头像窗口...
头像位置: (803, 483)
创建聊天窗口...
加载记忆...
初始化摄像头情绪识别...
摄像头情绪识别启动成功
初始化自动消息发送...
自动消息发送启动成功
程序启动完成！
摄像头检测到情绪: sad
摄像头检测到情绪: calm
摄像头检测到情绪: surprised
摄像头检测到情绪: calm
摄像头检测到情绪: surprised
摄像头检测到情绪: calm
摄像头检测到情绪: surprised
摄像头检测到情绪: calm
摄像头检测到情绪: surprised
摄像头检测到情绪: calm
摄像头检测到情绪: happy
摄像头检测到情绪: surprised
摄像头检测到情绪: happy
摄像头检测到情绪: surprised
摄像头检测到情绪: happy
摄像头检测到情绪: calm
摄像头检测到情绪: happy
摄像头检测到情绪: surprised
摄像头检测到情绪: happy
摄像头检测到情绪: surprised
摄像头检测到情绪: happy
摄像头检测到情绪: surprised
摄像头检测到情绪: happy
摄像头检测到情绪: calm
自动发送消息: 我看到一些最新资讯，和你分享一下：

1. 00\u540e\u5c0f\u4f19\u82b1\u8d39\u767e\u4e07\u5f00\u64b8\u5ba0\u9986\uff1a\u7ed9\u6d41\u6d6a\u52a8\u7269\u9020\u4e00\u4e2a\u6e29...
2. \u5c0f\u54e5\u5bb6\uff5c\u81f4\u656c\u70c8\u65e5\u4e0b\u7684\u5954\u8dd1\u8005\uff01\u6f6e\u65b0\u95fb2026\u201c\u5173...
3. \u94b1\u62a5\u8bfb\u4e66\u4f1a\uff1a\u8bd7\u56fd\u4e4b\u65c5\uff0c\u4ece\u300a\u5510\u8bd7\u4e09\u767e\u9996\u300b\u5f00\u59cb

网友们太有才了，这个评论绝了！
摄像头检测到情绪: happy
摄像头检测到情绪: calm
摄像头检测到情绪: surprised
摄像头检测到情绪: calm
摄像头检测到情绪: surprised
摄像头检测到情绪: calm
摄像头检测到情绪: surprised
摄像头检测到情绪: calm
摄像头检测到情绪: surprised
摄像头检测到情绪: calm
摄像头检测到情绪: surprised
摄像头检测到情绪: calm
摄像头检测到情绪: surprised
摄像头检测到情绪: calm
摄像头检测到情绪: surprised
摄像头检测到情绪: sad
摄像头检测到情绪: calm
摄像头检测到情绪: happy
摄像头检测到情绪: calm
摄像头检测到情绪: surprised
摄像头检测到情绪: calm
摄像头检测到情绪: surprised
摄像头检测到情绪: calm
摄像头检测到情绪: surprised
摄像头检测到情绪: calm
摄像头检测到情绪: surprised
摄像头检测到情绪: happy
摄像头检测到情绪: calm
摄像头检测到情绪: happy
摄像头检测到情绪: calm
摄像头检测到情绪: happy
摄像头检测到情绪: calm
摄像头检测到情绪: happy
摄像头检测到情绪: calm
摄像头检测到情绪: happy
摄像头检测到情绪: surprised
摄像头检测到情绪: calm
摄像头检测到情绪: happy
自动发送消息: 我看到一些最新资讯，和你分享一下：

1. 00\u540e\u5c0f\u4f19\u82b1\u8d39\u767e\u4e07\u5f00\u64b8\u5ba0\u9986\uff1a\u7ed9\u6d41\u6d6a\u52a8\u7269\u9020\u4e00\u4e2a\u6e29...
2. \u5c0f\u54e5\u5bb6\uff5c\u81f4\u656c\u70c8\u65e5\u4e0b\u7684\u5954\u8dd1\u8005\uff01\u6f6e\u65b0\u95fb2026\u201c\u5173...
3. \u6ca1\u6709\u4f18\u7b49\u751f\u201c\u9738\u5c4f\u201d\uff0c\u8fd9\u6240\u5b66\u6821\u7684\u4f11\u4e1a\u5f0f\u8ba9\u6bcf\u4e2a\u5b69\u5b50...

哈哈，我刚看到一个好玩的评论，笑死我了！
摄像头检测到情绪: calm
摄像头检测到情绪: surprised
摄像头检测到情绪: calm
摄像头检测到情绪: surprised
摄像头检测到情绪: calm
摄像头检测到情绪: surprised
摄像头检测到情绪: calm
摄像头检测到情绪: happy
摄像头检测到情绪: surprised
摄像头检测到情绪: calm
摄像头检测到情绪: surprised
摄像头检测到情绪: calm
摄像头检测到情绪: surprised
摄像头检测到情绪: calm
摄像头检测到情绪: surprised
摄像头检测到情绪: calm
摄像头检测到情绪: surprised
摄像头检测到情绪: calm
摄像头检测到情绪: surprised
摄像头检测到情绪: calm
摄像头检测到情绪: happy
自动发送消息: 我看到一些最新资讯，和你分享一下：

1. 00\u540e\u5c0f\u4f19\u82b1\u8d39\u767e\u4e07\u5f00\u64b8\u5ba0\u9986\uff1a\u7ed9\u6d41\u6d6a\u52a8\u7269\u9020\u4e00\u4e2a\u6e29...
2. \u5c0f\u54e5\u5bb6\uff5c\u81f4\u656c\u70c8\u65e5\u4e0b\u7684\u5954\u8dd1\u8005\uff01\u6f6e\u65b0\u95fb2026\u201c\u5173...
3. \u6ca1\u6709\u4f18\u7b49\u751f\u201c\u9738\u5c4f\u201d\uff0c\u8fd9\u6240\u5b66\u6821\u7684\u4f11\u4e1a\u5f0f\u8ba9\u6bcf\u4e2a\u5b69\u5b50...

刚刷到一个神评论，必须分享给你！
摄像头检测到情绪: calm
摄像头检测到情绪: surprised
摄像头检测到情绪: calm
摄像头检测到情绪: surprised
摄像头检测到情绪: calm
摄像头检测到情绪: surprised
摄像头检测到情绪: calm
摄像头检测到情绪: surprised
摄像头检测到情绪: calm
初始化 DeepSeekClient...
创建头像窗口...
头像位置: (803, 483)
创建聊天窗口...
加载记忆...
初始化摄像头情绪识别...
摄像头情绪识别启动成功
初始化自动消息发送...
自动消息发送启动成功
程序启动完成！
摄像头检测到情绪: surprised
摄像头检测到情绪: calm
摄像头检测到情绪: surprised
摄像头检测到情绪: calm
摄像头检测到情绪: surprised
摄像头检测到情绪: calm
自动发送消息: 我看到一些最新资讯，和你分享一下：

1. 00\u540e\u5c0f\u4f19\u82b1\u8d39\u767e\u4e07\u5f00\u64b8\u5ba0\u9986\uff1a\u7ed9\u6d41\u6d6a\u52a8\u7269\u9020\u4e00\u4e2a\u6e29...
2. \u5c0f\u54e5\u5bb6\uff5c\u81f4\u656c\u70c8\u65e5\u4e0b\u7684\u5954\u8dd1\u8005\uff01\u6f6e\u65b0\u95fb2026\u201c\u5173...
3. \u94b1\u62a5\u8bfb\u4e66\u4f1a\uff1a\u8bd7\u56fd\u4e4b\u65c5\uff0c\u4ece\u300a\u5510\u8bd7\u4e09\u767e\u9996\u300b\u5f00\u59cb

这个新闻下面的评论太有意思了，给你分享一下！
自动发送消息: 我看到一些最新资讯，和你分享一下：

1. 00\u540e\u5c0f\u4f19\u82b1\u8d39\u767e\u4e07\u5f00\u64b8\u5ba0\u9986\uff1a\u7ed9\u6d41\u6d6a\u52a8\u7269\u9020\u4e00\u4e2a\u6e29...
2. \u5c0f\u54e5\u5bb6\uff5c\u81f4\u656c\u70c8\u65e5\u4e0b\u7684\u5954\u8dd1\u8005\uff01\u6f6e\u65b0\u95fb2026\u201c\u5173...
3. \u94b1\u62a5\u8bfb\u4e66\u4f1a\uff1a\u8bd7\u56fd\u4e4b\u65c5\uff0c\u4ece\u300a\u5510\u8bd7\u4e09\u767e\u9996\u300b\u5f00\u59cb

网友们太有才了，这个评论绝了！
摄像头检测到情绪: surprised
摄像头检测到情绪: calm
摄像头检测到情绪: surprised
摄像头检测到情绪: calm
摄像头检测到情绪: surprised
摄像头检测到情绪: calm
摄像头检测到情绪: surprised
摄像头检测到情绪: calm
摄像头检测到情绪: surprised
摄像头检测到情绪: calm
摄像头检测到情绪: surprised
摄像头检测到情绪: calm
摄像头检测到情绪: surprised
摄像头检测到情绪: calm
摄像头检测到情绪: surprised
摄像头检测到情绪: calm
摄像头检测到情绪: surprised
摄像头检测到情绪: calm
摄像头检测到情绪: surprised
摄像头检测到情绪: calm
摄像头检测到情绪: surprised
摄像头检测到情绪: calm
摄像头检测到情绪: surprised
初始化 DeepSeekClient...
创建头像窗口...
头像位置: (803, 483)
创建聊天窗口...
加载记忆...
初始化摄像头情绪识别...
摄像头情绪识别启动成功
初始化自动消息发送...
自动消息发送启动成功
程序启动完成！
摄像头检测到情绪: sad
摄像头检测到情绪: surprised
摄像头检测到情绪: calm
初始化 DeepSeekClient...
创建头像窗口...
头像位置: (803, 483)
创建聊天窗口...
加载记忆...
初始化摄像头情绪识别...
摄像头情绪识别启动成功
初始化自动消息发送...
自动消息发送启动成功
程序启动完成！
摄像头检测到情绪: sad
摄像头检测到情绪: calm
初始化 DeepSeekClient...
创建头像窗口...
头像位置: (803, 483)
创建聊天窗口...
加载记忆...
初始化摄像头情绪识别...
摄像头情绪识别启动成功
初始化自动消息发送...
自动消息发送启动成功
程序启动完成！
摄像头检测到情绪: surprised
摄像头检测到情绪: calm
摄像头检测到情绪: surprised
摄像头检测到情绪: calm
摄像头检测到情绪: surprised
摄像头检测到情绪: calm
摄像头检测到情绪: sad
摄像头检测到情绪: calm
摄像头检测到情绪: surprised
摄像头检测到情绪: calm
摄像头检测到情绪: happy
摄像头检测到情绪: calm
摄像头检测到情绪: surprised
摄像头检测到情绪: calm
摄像头检测到情绪: surprised
摄像头检测到情绪: calm
摄像头检测到情绪: surprised
摄像头检测到情绪: calm
摄像头检测到情绪: sad
摄像头检测到情绪: calm
摄像头检测到情绪: surprised
摄像头检测到情绪: calm
摄像头检测到情绪: surprised
摄像头检测到情绪: calm
摄像头检测到情绪: happy
摄像头检测到情绪: calm
摄像头检测到情绪: happy
摄像头检测到情绪: calm
摄像头检测到情绪: happy
摄像头检测到情绪: calm
摄像头检测到情绪: sad
摄像头检测到情绪: calm
摄像头检测到情绪: surprised
摄像头检测到情绪: calm
摄像头检测到情绪: surprised
摄像头检测到情绪: calm
摄像头检测到情绪: sad
摄像头检测到情绪: calm
摄像头检测到情绪: surprised
摄像头检测到情绪: calm
摄像头检测到情绪: happy
摄像头检测到情绪: surprised
摄像头检测到情绪: calm
摄像头检测到情绪: happy
摄像头检测到情绪: calm
摄像头检测到情绪: surprised
摄像头检测到情绪: calm
摄像头检测到情绪: surprised
摄像头检测到情绪: calm
摄像头检测到情绪: surprised
摄像头检测到情绪: happy
摄像头检测到情绪: calm
自动发送消息: 我看到一些最新资讯，和你分享一下：

1. 00\u540e\u5c0f\u4f19\u82b1\u8d39\u767e\u4e07\u5f00\u64b8\u5ba0\u9986\uff1a\u7ed9\u6d41\u6d6a\u52a8\u7269\u9020\u4e00\u4e2a\u6e29...
2. \u5c0f\u54e5\u5bb6\uff5c\u81f4\u656c\u70c8\u65e5\u4e0b\u7684\u5954\u8dd1\u8005\uff01\u6f6e\u65b0\u95fb2026\u201c\u5173...
3. \u94b1\u62a5\u8bfb\u4e66\u4f1a\uff1a\u8bd7\u56fd\u4e4b\u65c5\uff0c\u4ece\u300a\u5510\u8bd7\u4e09\u767e\u9996\u300b\u5f00\u59cb

刚刷到一个神评论，必须分享给你！
摄像头检测到情绪: happy
摄像头检测到情绪: calm
初始化 DeepSeekClient...
创建头像窗口...
头像位置: (803, 483)
创建聊天窗口...
加载记忆...
初始化摄像头情绪识别...
摄像头情绪识别启动成功
初始化自动消息发送...
自动消息发送启动成功
程序启动完成！
摄像头检测到情绪: happy
自动发送消息: 我看到一些最新资讯，和你分享一下：

1. 00\u540e\u5c0f\u4f19\u82b1\u8d39\u767e\u4e07\u5f00\u64b8\u5ba0\u9986\uff1a\u7ed9\u6d41\u6d6a\u52a8\u7269\u9020\u4e00\u4e2a\u6e29...
2. \u5c0f\u54e5\u5bb6\uff5c\u81f4\u656c\u70c8\u65e5\u4e0b\u7684\u5954\u8dd1\u8005\uff01\u6f6e\u65b0\u95fb2026\u201c\u5173...
3. \u94b1\u62a5\u8bfb\u4e66\u4f1a\uff1a\u8bd7\u56fd\u4e4b\u65c5\uff0c\u4ece\u300a\u5510\u8bd7\u4e09\u767e\u9996\u300b\u5f00\u59cb

刚刷到一个神评论，必须分享给你！
摄像头检测到情绪: calm
摄像头检测到情绪: happy
摄像头检测到情绪: calm
摄像头检测到情绪: happy
摄像头检测到情绪: calm
摄像头检测到情绪: happy
摄像头检测到情绪: calm
摄像头检测到情绪: happy
摄像头检测到情绪: calm
初始化 DeepSeekClient...
创建头像窗口...
头像位置: (803, 483)
创建聊天窗口...
加载记忆...
初始化摄像头情绪识别...
摄像头情绪识别启动成功
初始化自动消息发送...
自动消息发送启动成功
程序启动完成！
摄像头检测到情绪: surprised
摄像头检测到情绪: calm
摄像头检测到情绪: surprised
摄像头检测到情绪: calm
摄像头检测到情绪: surprised
摄像头检测到情绪: calm
摄像头检测到情绪: surprised
摄像头检测到情绪: calm
摄像头检测到情绪: surprised
摄像头检测到情绪: calm
摄像头检测到情绪: surprised
摄像头检测到情绪: calm
摄像头检测到情绪: surprised
摄像头检测到情绪: calm
摄像头检测到情绪: surprised
摄像头检测到情绪: calm
摄像头检测到情绪: sad
初始化 DeepSeekClient...
创建头像窗口...
创建聊天窗口...
加载记忆...
初始化摄像头情绪识别...
摄像头检测到情绪: surprised
摄像头情绪识别启动成功
初始化自动消息发送...
自动消息发送启动成功
程序启动完成！
摄像头检测到情绪: calm
摄像头检测到情绪: sad
摄像头检测到情绪: happy
摄像头检测到情绪: calm
摄像头检测到情绪: surprised
摄像头检测到情绪: calm
自动发送消息: 我看到一些最新资讯，和你分享一下：

1. 00\u540e\u5c0f\u4f19\u82b1\u8d39\u767e\u4e07\u5f00\u64b8\u5ba0\u9986\uff1a\u7ed9\u6d41\u6d6a\u52a8\u7269\u9020\u4e00\u4e2a\u6e29...
2. \u5c0f\u54e5\u5bb6\uff5c\u81f4\u656c\u70c8\u65e5\u4e0b\u7684\u5954\u8dd1\u8005\uff01\u6f6e\u65b0\u95fb2026\u201c\u5173...
3. \u94b1\u62a5\u8bfb\u4e66\u4f1a\uff1a\u8bd7\u56fd\u4e4b\u65c5\uff0c\u4ece\u300a\u5510\u8bd7\u4e09\u767e\u9996\u300b\u5f00\u59cb

刚刷到一个神评论，必须分享给你！
摄像头检测到情绪: surprised
摄像头检测到情绪: calm
摄像头检测到情绪: surprised
摄像头检测到情绪: calm
摄像头检测到情绪: surprised
摄像头检测到情绪: calm
摄像头检测到情绪: surprised
摄像头检测到情绪: calm
摄像头检测到情绪: surprised
摄像头检测到情绪: calm
摄像头检测到情绪: surprised
摄像头检测到情绪: calm
摄像头检测到情绪: surprised
摄像头检测到情绪: calm
自动发送消息: 我看到一些最新资讯，和你分享一下：

1. 00\u540e\u5c0f\u4f19\u82b1\u8d39\u767e\u4e07\u5f00\u64b8\u5ba0\u9986\uff1a\u7ed9\u6d41\u6d6a\u52a8\u7269\u9020\u4e00\u4e2a\u6e29...
2. \u5c0f\u54e5\u5bb6\uff5c\u81f4\u656c\u70c8\u65e5\u4e0b\u7684\u5954\u8dd1\u8005\uff01\u6f6e\u65b0\u95fb2026\u201c\u5173...
3. \u94b1\u62a5\u8bfb\u4e66\u4f1a\uff1a\u8bd7\u56fd\u4e4b\u65c5\uff0c\u4ece\u300a\u5510\u8bd7\u4e09\u767e\u9996\u300b\u5f00\u59cb

刚刷到一个神评论，必须分享给你！
摄像头检测到情绪: surprised
摄像头检测到情绪: calm
摄像头检测到情绪: surprised
摄像头检测到情绪: calm
摄像头检测到情绪: surprised
摄像头检测到情绪: calm
摄像头检测到情绪: surprised
摄像头检测到情绪: calm
摄像头检测到情绪: surprised
摄像头检测到情绪: calm
摄像头检测到情绪: surprised
摄像头检测到情绪: happy
摄像头检测到情绪: calm
摄像头检测到情绪: surprised
摄像头检测到情绪: calm
摄像头检测到情绪: surprised
摄像头检测到情绪: calm
摄像头检测到情绪: surprised
摄像头检测到情绪: calm
自动发送消息: 我看到一些最新资讯，和你分享一下：

1. 00\u540e\u5c0f\u4f19\u82b1\u8d39\u767e\u4e07\u5f00\u64b8\u5ba0\u9986\uff1a\u7ed9\u6d41\u6d6a\u52a8\u7269\u9020\u4e00\u4e2a\u6e29...
2. \u5c0f\u54e5\u5bb6\uff5c\u81f4\u656c\u70c8\u65e5\u4e0b\u7684\u5954\u8dd1\u8005\uff01\u6f6e\u65b0\u95fb2026\u201c\u5173...
3. \u94b1\u62a5\u8bfb\u4e66\u4f1a\uff1a\u8bd7\u56fd\u4e4b\u65c5\uff0c\u4ece\u300a\u5510\u8bd7\u4e09\u767e\u9996\u300b\u5f00\u59cb

刚刷到一个神评论，必须分享给你！
自动发送消息: 我看到一些最新资讯，和你分享一下：

1. 00\u540e\u5c0f\u4f19\u82b1\u8d39\u767e\u4e07\u5f00\u64b8\u5ba0\u9986\uff1a\u7ed9\u6d41\u6d6a\u52a8\u7269\u9020\u4e00\u4e2a\u6e29...
2. \u5c0f\u54e5\u5bb6\uff5c\u81f4\u656c\u70c8\u65e5\u4e0b\u7684\u5954\u8dd1\u8005\uff01\u6f6e\u65b0\u95fb2026\u201c\u5173...
3. \u94b1\u62a5\u8bfb\u4e66\u4f1a\uff1a\u8bd7\u56fd\u4e4b\u65c5\uff0c\u4ece\u300a\u5510\u8bd7\u4e09\u767e\u9996\u300b\u5f00\u59cb

刚刷到一个神评论，必须分享给你！
自动发送消息: 我看到一些最新资讯，和你分享一下：

1. 00\u540e\u5c0f\u4f19\u82b1\u8d39\u767e\u4e07\u5f00\u64b8\u5ba0\u9986\uff1a\u7ed9\u6d41\u6d6a\u52a8\u7269\u9020\u4e00\u4e2a\u6e29...
2. \u5c0f\u54e5\u5bb6\uff5c\u81f4\u656c\u70c8\u65e5\u4e0b\u7684\u5954\u8dd1\u8005\uff01\u6f6e\u65b0\u95fb2026\u201c\u5173...
3. \u94b1\u62a5\u8bfb\u4e66\u4f1a\uff1a\u8bd7\u56fd\u4e4b\u65c5\uff0c\u4ece\u300a\u5510\u8bd7\u4e09\u767e\u9996\u300b\u5f00\u59cb

哈哈，这个新闻下面的评论太有意思了！
初始化 DeepSeekClient...
创建头像窗口...
创建聊天窗口...
加载记忆...
初始化摄像头情绪识别...
摄像头情绪识别启动成功
初始化自动消息发送...
自动消息发送启动成功
程序启动完成！
摄像头检测到情绪: surprised
摄像头检测到情绪: calm
摄像头检测到情绪: surprised
摄像头检测到情绪: calm
摄像头检测到情绪: surprised
摄像头检测到情绪: calm
摄像头检测到情绪: surprised
摄像头检测到情绪: calm
摄像头检测到情绪: surprised
摄像头检测到情绪: calm
摄像头检测到情绪: surprised
摄像头检测到情绪: calm
自动发送消息: 我看到一些最新资讯，和你分享一下：

1. 00\u540e\u5c0f\u4f19\u82b1\u8d39\u767e\u4e07\u5f00\u64b8\u5ba0\u9986\uff1a\u7ed9\u6d41\u6d6a\u52a8\u7269\u9020\u4e00\u4e2a\u6e29...
2. \u5c0f\u54e5\u5bb6\uff5c\u81f4\u656c\u70c8\u65e5\u4e0b\u7684\u5954\u8dd1\u8005\uff01\u6f6e\u65b0\u95fb2026\u201c\u5173...
3. \u94b1\u62a5\u8bfb\u4e66\u4f1a\uff1a\u8bd7\u56fd\u4e4b\u65c5\uff0c\u4ece\u300a\u5510\u8bd7\u4e09\u767e\u9996\u300b\u5f00\u59cb

哈哈，这个新闻下面的评论太有意思了！
摄像头检测到情绪: surprised
摄像头检测到情绪: calm
摄像头检测到情绪: surprised
摄像头检测到情绪: calm
摄像头检测到情绪: surprised
摄像头检测到情绪: calm
摄像头检测到情绪: surprised
摄像头检测到情绪: calm
摄像头检测到情绪: surprised
摄像头检测到情绪: calm
摄像头检测到情绪: surprised
摄像头检测到情绪: calm
摄像头检测到情绪: surprised
摄像头检测到情绪: calm
初始化 DeepSeekClient...
创建头像窗口...
创建聊天窗口...
加载记忆...
初始化摄像头情绪识别...
摄像头情绪识别启动成功
初始化自动消息发送...
自动消息发送启动成功
程序启动完成！
摄像头检测到情绪: surprised
初始化 DeepSeekClient...
创建头像窗口...
创建聊天窗口...
加载记忆...
初始化摄像头情绪识别...
摄像头情绪识别启动成功
初始化自动消息发送...
自动消息发送启动成功
程序启动完成！
摄像头检测到情绪: happy
摄像头检测到情绪: calm
摄像头检测到情绪: surprised
摄像头检测到情绪: calm
摄像头检测到情绪: surprised
摄像头检测到情绪: calm
摄像头检测到情绪: surprised
摄像头检测到情绪: happy
摄像头检测到情绪: surprised
初始化 DeepSeekClient...
创建头像窗口...
创建聊天窗口...
加载记忆...
初始化摄像头情绪识别...
摄像头情绪识别启动成功
初始化自动消息发送...
自动消息发送启动成功
程序启动完成！
摄像头检测到情绪: calm
摄像头检测到情绪: surprised
摄像头检测到情绪: calm
摄像头检测到情绪: surprised
摄像头检测到情绪: calm
摄像头检测到情绪: surprised
摄像头检测到情绪: calm
摄像头检测到情绪: surprised
摄像头检测到情绪: happy
摄像头检测到情绪: calm
摄像头检测到情绪: happy
摄像头检测到情绪: calm
摄像头检测到情绪: happy
摄像头检测到情绪: surprised
摄像头检测到情绪: happy
摄像头检测到情绪: calm
摄像头检测到情绪: surprised
摄像头检测到情绪: calm
摄像头检测到情绪: surprised
摄像头检测到情绪: calm
摄像头检测到情绪: happy
摄像头检测到情绪: calm
摄像头检测到情绪: surprised
摄像头检测到情绪: happy
摄像头检测到情绪: calm
摄像头检测到情绪: happy
摄像头检测到情绪: calm
摄像头检测到情绪: surprised
摄像头检测到情绪: calm
摄像头检测到情绪: happy
摄像头检测到情绪: calm
摄像头检测到情绪: happy
摄像头检测到情绪: calm
摄像头检测到情绪: happy
摄像头检测到情绪: calm
摄像头检测到情绪: happy
摄像头检测到情绪: calm
摄像头检测到情绪: happy
摄像头检测到情绪: calm
摄像头检测到情绪: happy
摄像头检测到情绪: calm
摄像头检测到情绪: happy
摄像头检测到情绪: calm
摄像头检测到情绪: happy
摄像头检测到情绪: calm
摄像头检测到情绪: happy
摄像头检测到情绪: calm
摄像头检测到情绪: happy
摄像头检测到情绪: surprised
摄像头检测到情绪: happy
摄像头检测到情绪: calm
摄像头检测到情绪: happy
初始化 DeepSeekClient...
创建头像窗口...
创建聊天窗口...
摄像头检测到情绪: calm
加载记忆...
初始化摄像头情绪识别...
摄像头情绪识别启动成功
初始化自动消息发送...
自动消息发送启动成功
程序启动完成！
自动发送消息: 我看到一些最新资讯，和你分享一下：

1. 00\u540e\u5c0f\u4f19\u82b1\u8d39\u767e\u4e07\u5f00\u64b8\u5ba0\u9986\uff1a\u7ed9\u6d41\u6d6a\u52a8\u7269\u9020\u4e00\u4e2a\u6e29...
2. \u5c0f\u54e5\u5bb6\uff5c\u81f4\u656c\u70c8\u65e5\u4e0b\u7684\u5954\u8dd1\u8005\uff01\u6f6e\u65b0\u95fb2026\u201c\u5173...
3. \u94b1\u62a5\u8bfb\u4e66\u4f1a\uff1a\u8bd7\u56fd\u4e4b\u65c5\uff0c\u4ece\u300a\u5510\u8bd7\u4e09\u767e\u9996\u300b\u5f00\u59cb

网友们太有才了，这个评论绝了！
摄像头检测到情绪: happy
摄像头检测到情绪: calm
自动发送消息: 我看到一些最新资讯，和你分享一下：

1. \u5c0f\u54e5\u5bb6\uff5c\u81f4\u656c\u70c8\u65e5\u4e0b\u7684\u5954\u8dd1\u8005\uff01\u6f6e\u65b0\u95fb2026\u201c\u5173...
2. \u676d\u5dde\u56db\u5b63\u9752\u5927\u7529\u5356\uff0c\u4ef7\u683c\u4e00\u6298\u518d\u6298\uff0c\u6709\u4eba7\u70b9\u591a\u8d76\u5230...
3. \u676d\u5dde82\u5c81\u5976\u5976\u5bb6\u6f0f\u6c34\u53d1\u9709\uff0c\u88ab\u8feb\u642c\u79bb6\u5e74\uff0c\u8d77\u56e0\u7adf...

哈哈，这个新闻下面的评论太有意思了！
摄像头检测到情绪: surprised
摄像头检测到情绪: calm
摄像头检测到情绪: surprised
摄像头检测到情绪: calm
摄像头检测到情绪: surprised
初始化 DeepSeekClient...
创建头像窗口...
创建聊天窗口...
加载记忆...
初始化摄像头情绪识别...
摄像头情绪识别启动成功
初始化自动消息发送...
自动消息发送启动成功
程序启动完成！
摄像头检测到情绪: surprised
摄像头检测到情绪: calm
摄像头检测到情绪: surprised
摄像头检测到情绪: calm
摄像头检测到情绪: surprised
摄像头检测到情绪: calm
摄像头检测到情绪: surprised
摄像头检测到情绪: calm
摄像头检测到情绪: surprised
摄像头检测到情绪: calm
摄像头检测到情绪: happy
摄像头检测到情绪: calm
摄像头检测到情绪: surprised
摄像头检测到情绪: calm
摄像头检测到情绪: happy
摄像头检测到情绪: calm
摄像头检测到情绪: happy
摄像头检测到情绪: calm
摄像头检测到情绪: happy
摄像头检测到情绪: calm
摄像头检测到情绪: surprised
摄像头检测到情绪: calm
摄像头检测到情绪: happy
摄像头检测到情绪: calm
摄像头检测到情绪: surprised
摄像头检测到情绪: calm
摄像头检测到情绪: surprised
摄像头检测到情绪: calm
摄像头检测到情绪: surprised
摄像头检测到情绪: calm
摄像头检测到情绪: surprised
摄像头检测到情绪: calm
摄像头检测到情绪: surprised
摄像头检测到情绪: calm
摄像头检测到情绪: surprised
摄像头检测到情绪: calm
摄像头检测到情绪: surprised
摄像头检测到情绪: calm
摄像头检测到情绪: surprised
摄像头检测到情绪: calm
初始化 DeepSeekClient...
创建头像窗口...
创建聊天窗口...
加载记忆...
初始化摄像头情绪识别...
摄像头情绪识别启动成功
初始化自动消息发送...
自动消息发送启动成功
程序启动完成！
摄像头检测到情绪: sad
摄像头检测到情绪: calm
摄像头检测到情绪: surprised
摄像头检测到情绪: calm
初始化 DeepSeekClient...
创建头像窗口...
创建聊天窗口...
加载记忆...
初始化摄像头情绪识别...
摄像头情绪识别启动成功
初始化自动消息发送...
自动消息发送启动成功
程序启动完成！
摄像头检测到情绪: sad
摄像头检测到情绪: surprised
摄像头检测到情绪: calm
摄像头检测到情绪: surprised
摄像头检测到情绪: calm
摄像头检测到情绪: surprised
摄像头检测到情绪: calm
初始化 DeepSeekClient...
创建头像窗口...
创建聊天窗口...
加载记忆...
初始化摄像头情绪识别...
摄像头情绪识别启动成功
初始化自动消息发送...
自动消息发送启动成功
程序启动完成！
摄像头检测到情绪: surprised
摄像头检测到情绪: sad
摄像头检测到情绪: surprised
摄像头检测到情绪: sad
摄像头检测到情绪: surprised
摄像头检测到情绪: calm
摄像头检测到情绪: surprised
摄像头检测到情绪: calm
摄像头检测到情绪: surprised
初始化 DeepSeekClient...
创建头像窗口...
创建聊天窗口...
加载记忆...
初始化摄像头情绪识别...
摄像头情绪识别启动成功
初始化自动消息发送...
自动消息发送启动成功
程序启动完成！
摄像头检测到情绪: surprised
摄像头检测到情绪: calm
摄像头检测到情绪: surprised
摄像头检测到情绪: calm
摄像头检测到情绪: surprised
摄像头检测到情绪: calm
摄像头检测到情绪: surprised
摄像头检测到情绪: calm
摄像头检测到情绪: surprised
摄像头检测到情绪: sad
摄像头检测到情绪: calm
摄像头检测到情绪: surprised
摄像头检测到情绪: calm
摄像头检测到情绪: surprised
摄像头检测到情绪: calm
摄像头检测到情绪: surprised
摄像头检测到情绪: calm
摄像头检测到情绪: surprised
摄像头检测到情绪: calm
摄像头检测到情绪: surprised
摄像头检测到情绪: calm
摄像头检测到情绪: surprised
摄像头检测到情绪: calm
摄像头检测到情绪: surprised
摄像头检测到情绪: calm
摄像头检测到情绪: surprised
摄像头检测到情绪: calm
摄像头检测到情绪: surprised
摄像头检测到情绪: calm
摄像头检测到情绪: surprised
摄像头检测到情绪: calm
摄像头检测到情绪: surprised
摄像头检测到情绪: calm
摄像头检测到情绪: surprised
初始化 DeepSeekClient...
创建头像窗口...
创建聊天窗口...
加载记忆...
初始化摄像头情绪识别...
摄像头情绪识别启动成功
初始化自动消息发送...
自动消息发送启动成功
程序启动完成！
摄像头检测到情绪: calm
摄像头检测到情绪: surprised
初始化 DeepSeekClient...
创建头像窗口...
创建聊天窗口...
加载记忆...
初始化摄像头情绪识别...
摄像头情绪识别启动成功
初始化自动消息发送...
自动消息发送启动成功
程序启动完成！
摄像头检测到情绪: surprised
摄像头检测到情绪: calm
摄像头检测到情绪: happy
摄像头检测到情绪: surprised
摄像头检测到情绪: calm
摄像头检测到情绪: happy
摄像头检测到情绪: calm
摄像头检测到情绪: surprised
摄像头检测到情绪: calm
摄像头检测到情绪: surprised
摄像头检测到情绪: calm
摄像头检测到情绪: surprised
摄像头检测到情绪: calm
摄像头检测到情绪: surprised
摄像头检测到情绪: calm
摄像头检测到情绪: surprised
摄像头检测到情绪: calm
检测到视线方向: right
检测到视线方向: center
摄像头检测到情绪: surprised
摄像头检测到情绪: calm
自动发送消息: 我看到一些最新资讯，和你分享一下：

1. 00\u540e\u5c0f\u4f19\u82b1\u8d39\u767e\u4e07\u5f00\u64b8\u5ba0\u9986\uff1a\u7ed9\u6d41\u6d6a\u52a8\u7269\u9020\u4e00\u4e2a\u6e29...
2. \u5c0f\u54e5\u5bb6\uff5c\u81f4\u656c\u70c8\u65e5\u4e0b\u7684\u5954\u8dd1\u8005\uff01\u6f6e\u65b0\u95fb2026\u201c\u5173...
3. \u94b1\u62a5\u8bfb\u4e66\u4f1a\uff1a\u8bd7\u56fd\u4e4b\u65c5\uff0c\u4ece\u300a\u5510\u8bd7\u4e09\u767e\u9996\u300b\u5f00\u59cb

网友们太有才了，这个评论绝了！
摄像头检测到情绪: sad
摄像头检测到情绪: calm
摄像头检测到情绪: surprised
初始化 DeepSeekClient...
创建头像窗口...
创建聊天窗口...
加载记忆...
初始化摄像头情绪识别...
摄像头情绪识别启动成功
初始化自动消息发送...
自动消息发送启动成功
程序启动完成！
摄像头检测到情绪: sad
摄像头检测到情绪: calm
摄像头检测到情绪: happy
摄像头检测到情绪: calm
摄像头检测到情绪: happy
摄像头检测到情绪: calm
摄像头检测到情绪: surprised
摄像头检测到情绪: calm
摄像头检测到情绪: surprised
摄像头检测到情绪: calm
用户输入: j
检测到视线方向: left
检测到视线方向: center
摄像头检测到情绪: surprised
用户输入: g
摄像头检测到情绪: calm
摄像头检测到情绪: surprised
摄像头检测到情绪: calm
摄像头检测到情绪: surprised
摄像头检测到情绪: calm
初始化 DeepSeekClient...
创建头像窗口...
创建聊天窗口...
摄像头检测到情绪: surprised
加载记忆...
初始化摄像头情绪识别...
摄像头检测到情绪: calm
摄像头情绪识别启动成功
初始化自动消息发送...
自动消息发送启动成功
程序启动完成！
摄像头检测到情绪: surprised
摄像头检测到情绪: calm
摄像头检测到情绪: surprised
摄像头检测到情绪: happy
摄像头检测到情绪: calm
摄像头检测到情绪: surprised
摄像头检测到情绪: happy
摄像头检测到情绪: calm
自动发送消息: 我看到一些最新资讯，和你分享一下：

1. 00\u540e\u5c0f\u4f19\u82b1\u8d39\u767e\u4e07\u5f00\u64b8\u5ba0\u9986\uff1a\u7ed9\u6d41\u6d6a\u52a8\u7269\u9020\u4e00\u4e2a\u6e29...
2. \u5c0f\u54e5\u5bb6\uff5c\u81f4\u656c\u70c8\u65e5\u4e0b\u7684\u5954\u8dd1\u8005\uff01\u6f6e\u65b0\u95fb2026\u201c\u5173...
3. \u94b1\u62a5\u8bfb\u4e66\u4f1a\uff1a\u8bd7\u56fd\u4e4b\u65c5\uff0c\u4ece\u300a\u5510\u8bd7\u4e09\u767e\u9996\u300b\u5f00\u59cb

刚刷到一个神评论，必须分享给你！
用户输入: hh
摄像头检测到情绪: surprised
摄像头检测到情绪: calm
摄像头检测到情绪: surprised
摄像头检测到情绪: happy
摄像头检测到情绪: calm
摄像头检测到情绪: happy
摄像头检测到情绪: calm
摄像头检测到情绪: happy
摄像头检测到情绪: calm
自动发送消息: 我看到一些最新资讯，和你分享一下：

1. 00\u540e\u5c0f\u4f19\u82b1\u8d39\u767e\u4e07\u5f00\u64b8\u5ba0\u9986\uff1a\u7ed9\u6d41\u6d6a\u52a8\u7269\u9020\u4e00\u4e2a\u6e29...
2. \u5c0f\u54e5\u5bb6\uff5c\u81f4\u656c\u70c8\u65e5\u4e0b\u7684\u5954\u8dd1\u8005\uff01\u6f6e\u65b0\u95fb2026\u201c\u5173...
3. \u94b1\u62a5\u8bfb\u4e66\u4f1a\uff1a\u8bd7\u56fd\u4e4b\u65c5\uff0c\u4ece\u300a\u5510\u8bd7\u4e09\u767e\u9996\u300b\u5f00\u59cb

网友们太有才了，这个评论绝了！
初始化 DeepSeekClient...
创建头像窗口...
创建聊天窗口...
加载记忆...
初始化摄像头情绪识别...
摄像头情绪识别启动成功
初始化自动消息发送...
自动消息发送启动成功
程序启动完成！
检测到视线方向: center
检测到视线方向: center
检测到视线方向: center
检测到视线方向: center
检测到视线方向: center
检测到视线方向: center
摄像头检测到情绪: surprised
检测到视线方向: center
检测到视线方向: center
检测到视线方向: center
检测到视线方向: center
检测到视线方向: center
检测到视线方向: center
检测到视线方向: center
摄像头检测到情绪: calm
检测到视线方向: center
检测到视线方向: center
检测到视线方向: center
检测到视线方向: center
摄像头检测到情绪: sad
检测到视线方向: center
检测到视线方向: center
摄像头检测到情绪: surprised
检测到视线方向: center
检测到视线方向: center
检测到视线方向: center
检测到视线方向: center
检测到视线方向: center
摄像头检测到情绪: calm
检测到视线方向: center
检测到视线方向: center
检测到视线方向: center
检测到视线方向: center
检测到视线方向: center
检测到视线方向: center
检测到视线方向: center
检测到视线方向: center
检测到视线方向: center
检测到视线方向: center
检测到视线方向: center
检测到视线方向: center
检测到视线方向: center
检测到视线方向: center
检测到视线方向: center
检测到视线方向: center
ised
检测到视线方向: center
检测到视线方向: center
检测到视线方向: center
检测到视线方向: center
检测到视线方向: center
检测到视线方向: center
检测到视线方向: center
检测到视线方向: center
检测到视线方向: center

检测到视线方向: center
检测到视线方向: center
检测到视线方向: center
检测到视线方向: center
检测到视线方向: center
检测到视线方向: center
检测到视线方向: center
检测到视线方向: left
检测到视线方向: left
检测到视线方向: left
检测到视线方向: left
摄像头检测到情绪: surprised
检测到视线方向: left
检测到视线方向: left
摄像头检测到情绪: calm
检测到视线方向: left
检测到视线方向: center
检测到视线方向: center
检测到视线方向: left
检测到视线方向: left
检测到视线方向: left
检测到视线方向: left
检测到视线方向: left
检测到视线方向: left
检测到视线方向: left
检测到视线方向: left
检测到视线方向: left
检测到视线方向: left
检测到视线方向: left
检测到视线方向: left
摄像头检测到情绪: happy
检测到视线方向: left
检测到视线方向: left
检测到视线方向: left
检测到视线方向: left
摄像头检测到情绪: calm
检测到视线方向: left
摄像头检测到情绪: surprised
检测到视线方向: left
检测到视线方向: left
检测到视线方向: left
检测到视线方向: left
检测到视线方向: left
摄像头检测到情绪: calm
检测到视线方向: center
检测到视线方向: center
检测到视线方向: left
摄像头检测到情绪: surprised
检测到视线方向: left
检测到视线方向: left
检测到视线方向: left
检测到视线方向: left
检测到视线方向: left
检测到视线方向: left
检测到视线方向: left
检测到视线方向: left
检测到视线方向: left
检测到视线方向: left
检测到视线方向: left
检测到视线方向: left
检测到视线方向: left
检测到视线方向: left
检测到视线方向: left
检测到视线方向: left
检测到视线方向: left
检测到视线方向: left
摄像头检测到情绪: calm
检测到视线方向: center
检测到视线方向: center
摄像头检测到情绪: happy
检测到视线方向: center
检测到视线方向: center
检测到视线方向: center
检测到视线方向: center
检测到视线方向: center
检测到视线方向: center
检测到视线方向: center
检测到视线方向: center
检测到视线方向: center
检测到视线方向: center
检测到视线方向: center
检测到视线方向: center
检测到视线方向: center
检测到视线方向: center
初始化 DeepSeekClient...
创建头像窗口...
创建聊天窗口...
加载记忆...
初始化摄像头情绪识别...
摄像头情绪识别启动成功
初始化自动消息发送...
自动消息发送启动成功
程序启动完成！
检测到视线方向: center
检测到视线方向: center
检测到视线方向: center
检测到视线方向: center
检测到视线方向: center
检测到视线方向: right
检测到视线方向: right
检测到视线方向: right
rised
检测到视线方向: center
检测到视线方向: center
检测到视线方向: center
初始化 DeepSeekClient...
创建头像窗口...
创建聊天窗口...
加载记忆...
初始化摄像头情绪识别...
摄像头情绪识别启动成功
初始化自动消息发送...
自动消息发送启动成功
程序启动完成！
检测到视线方向: center
检测到视线方向: center
检测到视线方向: center
检测到视线方向: center
检测到视线方向: center
检测到视线方向: center
检测到视线方向: center
检测到视线方向: center
检测到视线方向: center
检测到视线方向: center
检测到视线方向: center
检测到视线方向: center
检测到视线方向: center
检测到视线方向: center
检测到视线方向: center
检测到视线方向: center
检测到视线方向: center
检测到视线方向: center
检测到视线方向: center
检测到视线方向: center
检测到视线方向: center
检测到视线方向: center
自动发送消息: 我看到一些最新资讯，和你分享一下：

1. 00\u540e\u5c0f\u4f19\u82b1\u8d39\u767e\u4e07\u5f00\u64b8\u5ba0\u9986\uff1a\u7ed9\u6d41\u6d6a\u52a8\u7269\u9020\u4e00\u4e2a\u6e29...
2. \u5c0f\u54e5\u5bb6\uff5c\u81f4\u656c\u70c8\u65e5\u4e0b\u7684\u5954\u8dd1\u8005\uff01\u6f6e\u65b0\u95fb2026\u201c\u5173...
3. \u94b1\u62a5\u8bfb\u4e66\u4f1a\uff1a\u8bd7\u56fd\u4e4b\u65c5\uff0c\u4ece\u300a\u5510\u8bd7\u4e09\u767e\u9996\u300b\u5f00\u59cb

哈哈，这个新闻下面的评论太有意思了！
检测到视线方向: center
检测到视线方向: center
检测到视线方向: center
检测到视线方向: center
检测到视线方向: center
检测到视线方向: center
检测到视线方向: center
检测到视线方向: center
检测到视线方向: center
摄像头检测到情绪: surprised
检测到视线方向: center
摄像头检测到情绪: calm
检测到视线方向: center
检测到视线方向: center
检测到视线方向: center
检测到视线方向: center
检测到视线方向: center
检测到视线方向: center
检测到视线方向: center
检测到视线方向: center
检测到视线方向: center
检测到视线方向: center
检测到视线方向: center
检测到视线方向: center
检测到视线方向: center
检测到视线方向: center
检测到视线方向: center
检测到视线方向: center
检测到视线方向: center
检测到视线方向: center
检测到视线方向: center
检测到视线方向: center
摄像头检测到情绪: surprised
检测到视线方向: center
摄像头检测到情绪: calm
检测到视线方向: center
检测到视线方向: center
检测到视线方向: center
检测到视线方向: center
检测到视线方向: center
检测到视线方向: center
检测到视线方向: center
摄像头检测到情绪: surprised
检测到视线方向: center
检测到视线方向: center
检测到视线方向: center
检测到视线方向: center
摄像头检测到情绪: calm
检测到视线方向: center
检测到视线方向: center
检测到视线方向: center
检测到视线方向: center
检测到视线方向: center
检测到视线方向: center
检测到视线方向: center
检测到视线方向: center
检测到视线方向: center
检测到视线方向: center
检测到视线方向: center
检测到视线方向: center
检测到视线方向: center
检测到视线方向: center
检测到视线方向: center
检测到视线方向: center
检测到视线方向: center
检测到视线方向: center
检测到视线方向: center
检测到视线方向: center
摄像头检测到情绪: happy
检测到视线方向: center
检测到视线方向: right
视线方向已接收: right
当前头像位置: (-28, 694)
向右移动到: 72
检测到视线方向: right
检测到视线方向: right
检测到视线方向: right
检测到视线方向: right
检测到视线方向: right
检测到视线方向: right
检测到视线方向: right
检测到视线方向: right
检测到视线方向: right
检测到视线方向: right
检测到视线方向: right
检测到视线方向: right
检测到视线方向: right
检测到视线方向: right
检测到视线方向: right
检测到视线方向: right
检测到视线方向: right
检测到视线方向: right
检测到视线方向: right
摄像头检测到情绪: surprised
检测到视线方向: right
检测到视线方向: right
检测到视线方向: right
检测到视线方向: right
检测到视线方向: right
检测到视线方向: right
检测到视线方向: right
检测到视线方向: right
检测到视线方向: right
检测到视线方向: right
检测到视线方向: right
检测到视线方向: right
摄像头检测到情绪: happy
检测到视线方向: right
检测到视线方向: right
rised
摄像头检测到情绪: happy
检测到视线方向: right
检测到视线方向: right
检测到视线方向: right
检测到视线方向: right
检测到视线方向: center
视线方向已接收: center
当前头像位置: (72, 694)
检测到视线方向: center
检测到视线方向: center
检测到视线方向: center
检测到视线方向: right
视线方向已接收: right
当前头像位置: (72, 694)
向右移动到: 172
检测到视线方向: right
检测到视线方向: center
视线方向已接收: center
当前头像位置: (172, 694)
检测到视线方向: center
检测到视线方向: center
检测到视线方向: center
检测到视线方向: right
视线方向已接收: right
当前头像位置: (172, 694)
向右移动到: 272
检测到视线方向: right
检测到视线方向: right
检测到视线方向: right
检测到视线方向: right
检测到视线方向: center
视线方向已接收: center
当前头像位置: (272, 694)
检测到视线方向: center
检测到视线方向: center
检测到视线方向: center
检测到视线方向: center
检测到视线方向: center
摄像头检测到情绪: surprised
检测到视线方向: center
检测到视线方向: center
检测到视线方向: center
检测到视线方向: center
检测到视线方向: center
检测到视线方向: center
检测到视线方向: center
检测到视线方向: center
检测到视线方向: center
检测到视线方向: center
检测到视线方向: center
摄像头检测到情绪: happy
检测到视线方向: right
视线方向已接收: right
当前头像位置: (272, 694)
向右移动到: 372
检测到视线方向: right
检测到视线方向: right
检测到视线方向: center
视线方向已接收: center
当前头像位置: (372, 694)
检测到视线方向: center
检测到视线方向: center
检测到视线方向: center
检测到视线方向: center
检测到视线方向: center
检测到视线方向: center
摄像头检测到情绪: calm
检测到视线方向: right
视线方向已接收: right
当前头像位置: (372, 694)
向右移动到: 472
摄像头检测到情绪: surprised
视线方向已接收: center
当前头像位置: (472, 694)
检测到视线方向: right
视线方向已接收: right
当前头像位置: (472, 694)
向右移动到: 572
检测到视线方向: center
视线方向已接收: center
当前头像位置: (572, 694)
检测到视线方向: right
视线方向已接收: right
当前头像位置: (572, 694)
向右移动到: 672
检测到视线方向: right
检测到视线方向: right
检测到视线方向: right
检测到视线方向: right
检测到视线方向: right
检测到视线方向: center
视线方向已接收: center
当前头像位置: (672, 694)
检测到视线方向: center
摄像头检测到情绪: calm
检测到视线方向: center
自动发送消息: 我看到一些最新资讯，和你分享一下：

1. 00\u540e\u5c0f\u4f19\u82b1\u8d39\u767e\u4e07\u5f00\u64b8\u5ba0\u9986\uff1a\u7ed9\u6d41\u6d6a\u52a8\u7269\u9020\u4e00\u4e2a\u6e29...
2. \u5c0f\u54e5\u5bb6\uff5c\u81f4\u656c\u70c8\u65e5\u4e0b\u7684\u5954\u8dd1\u8005\uff01\u6f6e\u65b0\u95fb2026\u201c\u5173...
3. \u94b1\u62a5\u8bfb\u4e66\u4f1a\uff1a\u8bd7\u56fd\u4e4b\u65c5\uff0c\u4ece\u300a\u5510\u8bd7\u4e09\u767e\u9996\u300b\u5f00\u59cb

网友们太有才了，这个评论绝了！
检测到视线方向: right
视线方向已接收: right
当前头像位置: (672, 694)
向右移动到: 772
检测到视线方向: right
检测到视线方向: right
检测到视线方向: right
检测到视线方向: right
摄像头检测到情绪: surprised
检测到视线方向: right
摄像头检测到情绪: happy
检测到视线方向: right
检测到视线方向: right
检测到视线方向: right
检测到视线方向: center
视线方向已接收: center
当前头像位置: (772, 694)
检测到视线方向: right
视线方向已接收: right
当前头像位置: (772, 694)
向右移动到: 872
检测到视线方向: center
视线方向已接收: center
当前头像位置: (872, 694)
检测到视线方向: center
检测到视线方向: center
检测到视线方向: center
检测到视线方向: center
检测到视线方向: center
检测到视线方向: center
检测到视线方向: center
检测到视线方向: center
检测到视线方向: center
检测到视线方向: center
用户输入: jj
检测到视线方向: center
检测到视线方向: center
检测到视线方向: center
检测到视线方向: center
检测到视线方向: center
检测到视线方向: center
摄像头检测到情绪: surprised
检测到视线方向: center
初始化 DeepSeekClient...
py
创建头像窗口...
创建聊天窗口...
检测到视线方向: center

加载记忆...
初始化摄像头情绪识别...
摄像头检测到情绪: surprised
检测到视线方向: center
检测到视线方向: center
摄像头情绪识别启动成功
初始化自动消息发送...
自动消息发送启动成功
程序启动完成！
摄像头检测到情绪: calm
检测到视线方向: center
检测到视线方向: center
检测到视线方向: center
检测到视线方向: center
检测到视线方向: center
检测到视线方向: center
摄像头检测到情绪: surprised
摄像头检测到情绪: happy
检测到视线方向: center
检测到视线方向: center
用户输入: kkk
用户输入: jjj
初始化 DeepSeekClient...
创建头像窗口...
创建聊天窗口...
加载记忆...
初始化摄像头情绪识别...
摄像头情绪识别启动成功
初始化自动消息发送...
自动消息发送启动成功
程序启动完成！
摄像头检测到情绪: happy
检测到视线方向: right
视线方向已接收: right
当前头像位置: (803, 483)
向右移动到: 903
检测到视线方向: right
检测到视线方向: right
检测到视线方向: center
视线方向已接收: center
当前头像位置: (903, 483)
检测到视线方向: center
检测到视线方向: center
摄像头检测到情绪: surprised
检测到视线方向: center
检测到视线方向: center
检测到视线方向: center
检测到视线方向: center
摄像头检测到情绪: happy
检测到视线方向: center
检测到视线方向: center
用户输入: ll
检测到视线方向: center
检测到视线方向: center
检测到视线方向: center
检测到视线方向: center
检测到视线方向: center
摄像头检测到情绪: calm
检测到视线方向: center
检测到视线方向: center
检测到视线方向: center
检测到视线方向: center
检测到视线方向: center
检测到视线方向: center
检测到视线方向: center
摄像头检测到情绪: happy
检测到视线方向: center
检测到视线方向: center
检测到视线方向: center
检测到视线方向: center
初始化 DeepSeekClient...
创建头像窗口...
创建聊天窗口...
加载记忆...
初始化摄像头情绪识别...
摄像头情绪识别启动成功
初始化自动消息发送...
自动消息发送启动成功
程序启动完成！
摄像头检测到情绪: sad
检测到视线方向: center
检测到视线方向: center
检测到视线方向: center
检测到视线方向: center
检测到视线方向: center
检测到视线方向: center
检测到视线方向: center
检测到视线方向: center

检测到视线方向: center
检测到视线方向: center
检测到视线方向: center
检测到视线方向: center
检测到视线方向: center
检测到视线方向: center
检测到视线方向: center
摄像头检测到情绪: surprised
检测到视线方向: center
检测到视线方向: center
检测到视线方向: center
初始化 DeepSeekClient...
创建头像窗口...
创建聊天窗口...
加载记忆...
初始化摄像头情绪识别...
摄像头情绪识别启动成功
初始化自动消息发送...
自动消息发送启动成功
程序启动完成！
摄像头检测到情绪: sad
检测到视线方向: center
检测到视线方向: center
检测到视线方向: center
检测到视线方向: center
检测到视线方向: center
检测到视线方向: center
检测到视线方向: center
检测到视线方向: center
检测到视线方向: center
摄像头检测到情绪: calm
检测到视线方向: center
检测到视线方向: center
检测到视线方向: center
检测到视线方向: center
检测到视线方向: center
检测到视线方向: center
检测到视线方向: center
检测到视线方向: center
检测到视线方向: center
检测到视线方向: center
检测到视线方向: center
检测到视线方向: center
检测到视线方向: center
检测到视线方向: center
检测到视线方向: center
检测到视线方向: center
检测到视线方向: center
检测到视线方向: center
检测到视线方向: center
检测到视线方向: center
检测到视线方向: center
检测到视线方向: center
检测到视线方向: center
检测到视线方向: center
检测到视线方向: center
检测到视线方向: center
检测到视线方向: center
检测到视线方向: center
检测到视线方向: center
检测到视线方向: center
检测到视线方向: center
ised
检测到视线方向: center
检测到视线方向: center
检测到视线方向: center
检测到视线方向: center
摄像头检测到情绪: calm
检测到视线方向: center
检测到视线方向: center
检测到视线方向: center
检测到视线方向: center
检测到视线方向: center
检测到视线方向: center
检测到视线方向: center
检测到视线方向: center
检测到视线方向: center
检测到视线方向: center
检测到视线方向: center
检测到视线方向: center
检测到视线方向: center
检测到视线方向: center
检测到视线方向: center
检测到视线方向: center
检测到视线方向: center
检测到视线方向: center
检测到视线方向: center
检测到视线方向: center
检测到视线方向: center
检测到视线方向: center
检测到视线方向: center
检测到视线方向: center
检测到视线方向: center
检测到视线方向: center
检测到视线方向: center
检测到视线方向: center
检测到视线方向: center
检测到视线方向: center
检测到视线方向: center
检测到视线方向: center
检测到视线方向: center
检测到视线方向: center
摄像头检测到情绪: surprised
检测到视线方向: center
检测到视线方向: center
摄像头检测到情绪: calm
检测到视线方向: center
检测到视线方向: center
检测到视线方向: center
检测到视线方向: center
检测到视线方向: center
检测到视线方向: center
检测到视线方向: center
检测到视线方向: center
检测到视线方向: center
检测到视线方向: center
检测到视线方向: center
检测到视线方向: center
检测到视线方向: center
检测到视线方向: center
检测到视线方向: center
检测到视线方向: center
检测到视线方向: center
检测到视线方向: center
ised
检测到视线方向: center
检测到视线方向: center
检测到视线方向: center

检测到视线方向: center
检测到视线方向: center
检测到视线方向: center
检测到视线方向: center
检测到视线方向: center
检测到视线方向: center
检测到视线方向: center
检测到视线方向: center
检测到视线方向: center
检测到视线方向: center
检测到视线方向: center
检测到视线方向: right
视线方向已接收: right
当前头像位置: (72, 437)
向右移动到: 172
摄像头检测到情绪: surprised
检测到视线方向: right
摄像头检测到情绪: happy
检测到视线方向: right
检测到视线方向: right
检测到视线方向: right
检测到视线方向: center
视线方向已接收: center
当前头像位置: (172, 437)
检测到视线方向: right
视线方向已接收: right
当前头像位置: (172, 437)
向右移动到: 272
检测到视线方向: right
检测到视线方向: right
检测到视线方向: right
检测到视线方向: center
视线方向已接收: center
当前头像位置: (1260, 45)
检测到视线方向: right
视线方向已接收: right
当前头像位置: (1260, 45)
向右移动到: 1360
检测到视线方向: right
检测到视线方向: right
检测到视线方向: right
检测到视线方向: right
检测到视线方向: right
检测到视线方向: right
检测到视线方向: right
检测到视线方向: right
检测到视线方向: right
检测到视线方向: right
检测到视线方向: right
检测到视线方向: right
检测到视线方向: right
检测到视线方向: right
检测到视线方向: right
检测到视线方向: center
视线方向已接收: center
当前头像位置: (1360, 45)
检测到视线方向: center
检测到视线方向: center
检测到视线方向: right
视线方向已接收: right
当前头像位置: (1360, 45)
向右移动到: 1460
检测到视线方向: right
检测到视线方向: right
检测到视线方向: right
检测到视线方向: right
检测到视线方向: right
检测到视线方向: right
检测到视线方向: right
检测到视线方向: right
检测到视线方向: right
检测到视线方向: right
检测到视线方向: right
检测到视线方向: right
检测到视线方向: right
检测到视线方向: right
检测到视线方向: right
检测到视线方向: right
检测到视线方向: right
检测到视线方向: right
检测到视线方向: right
检测到视线方向: center
视线方向已接收: center
当前头像位置: (1460, 45)
检测到视线方向: center
检测到视线方向: center
检测到视线方向: right
视线方向已接收: right
当前头像位置: (1460, 45)
向右移动到: 1560
检测到视线方向: right
检测到视线方向: right
检测到视线方向: right
检测到视线方向: right
检测到视线方向: right
检测到视线方向: center
视线方向已接收: center
当前头像位置: (1560, 45)
检测到视线方向: center
检测到视线方向: center
检测到视线方向: center
检测到视线方向: center
检测到视线方向: center
检测到视线方向: center
检测到视线方向: center
检测到视线方向: center
检测到视线方向: center
检测到视线方向: center
摄像头检测到情绪: calm
检测到视线方向: center
检测到视线方向: center
检测到视线方向: center
检测到视线方向: center
检测到视线方向: center
检测到视线方向: center
检测到视线方向: center
检测到视线方向: center
检测到视线方向: center
检测到视线方向: center
检测到视线方向: center
检测到视线方向: center
检测到视线方向: center
摄像头检测到情绪: happy
检测到视线方向: center
检测到视线方向: center
检测到视线方向: center
检测到视线方向: center
检测到视线方向: center
检测到视线方向: center
检测到视线方向: center
检测到视线方向: center
检测到视线方向: center
检测到视线方向: center
检测到视线方向: center
检测到视线方向: center
检测到视线方向: center
检测到视线方向: center
检测到视线方向: center
检测到视线方向: center
检测到视线方向: center
检测到视线方向: center
检测到视线方向: center
检测到视线方向: center
检测到视线方向: center
检测到视线方向: center
检测到视线方向: center
检测到视线方向: center
检测到视线方向: center
检测到视线方向: center
检测到视线方向: center
检测到视线方向: center
检测到视线方向: center
检测到视线方向: center
检测到视线方向: center
检测到视线方向: center
检测到视线方向: center
检测到视线方向: center
检测到视线方向: center
检测到视线方向: center
检测到视线方向: center
检测到视线方向: center
检测到视线方向: center
检测到视线方向: center
检测到视线方向: center
检测到视线方向: center
检测到视线方向: center
检测到视线方向: center
检测到视线方向: center
检测到视线方向: center
检测到视线方向: center
检测到视线方向: center
检测到视线方向: center
检测到视线方向: center
检测到视线方向: center
检测到视线方向: center
检测到视线方向: center
检测到视线方向: center
检测到视线方向: center
检测到视线方向: center
检测到视线方向: center
检测到视线方向: center
检测到视线方向: center
检测到视线方向: center
检测到视线方向: center
检测到视线方向: center
检测到视线方向: center
检测到视线方向: center
检测到视线方向: center
检测到视线方向: center
检测到视线方向: center
检测到视线方向: center
检测到视线方向: center
检测到视线方向: center
检测到视线方向: center
检测到视线方向: center
检测到视线方向: center
检测到视线方向: center
检测到视线方向: center
检测到视线方向: center
检测到视线方向: center
检测到视线方向: center
检测到视线方向: center
检测到视线方向: center
检测到视线方向: center
检测到视线方向: center
检测到视线方向: center
检测到视线方向: center
检测到视线方向: center
检测到视线方向: center
检测到视线方向: center
检测到视线方向: center
检测到视线方向: center
检测到视线方向: center
检测到视线方向: center
检测到视线方向: center
检测到视线方向: center
检测到视线方向: center
检测到视线方向: center
检测到视线方向: center
检测到视线方向: center
检测到视线方向: center
检测到视线方向: center
检测到视线方向: center
检测到视线方向: center
检测到视线方向: center
检测到视线方向: center
检测到视线方向: center
检测到视线方向: center
检测到视线方向: center
检测到视线方向: center
检测到视线方向: center
检测到视线方向: center
检测到视线方向: center
检测到视线方向: center
检测到视线方向: center
检测到视线方向: center
检测到视线方向: center
检测到视线方向: center
自动发送消息: 我看到一些最新资讯，和你分享一下：

1. 00\u540e\u5c0f\u4f19\u82b1\u8d39\u767e\u4e07\u5f00\u64b8\u5ba0\u9986\uff1a\u7ed9\u6d41\u6d6a\u52a8\u7269\u9020\u4e00\u4e2a\u6e29...
2. \u5c0f\u54e5\u5bb6\uff5c\u81f4\u656c\u70c8\u65e5\u4e0b\u7684\u5954\u8dd1\u8005\uff01\u6f6e\u65b0\u95fb2026\u201c\u5173...
3. \u94b1\u62a5\u8bfb\u4e66\u4f1a\uff1a\u8bd7\u56fd\u4e4b\u65c5\uff0c\u4ece\u300a\u5510\u8bd7\u4e09\u767e\u9996\u300b\u5f00\u59cb

刚刷到一个神评论，必须分享给你！
检测到视线方向: center
检测到视线方向: center
检测到视线方向: center
检测到视线方向: center
检测到视线方向: center
检测到视线方向: center
检测到视线方向: center
检测到视线方向: center
检测到视线方向: center
检测到视线方向: center
检测到视线方向: center
检测到视线方向: center
检测到视线方向: center
检测到视线方向: center
检测到视线方向: center
检测到视线方向: center
检测到视线方向: center
检测到视线方向: center
检测到视线方向: center
检测到视线方向: center
检测到视线方向: center
检测到视线方向: center
检测到视线方向: center
检测到视线方向: center
检测到视线方向: center
检测到视线方向: center
检测到视线方向: center
检测到视线方向: center
检测到视线方向: center
检测到视线方向: center
检测到视线方向: center
检测到视线方向: center
检测到视线方向: center
检测到视线方向: center
检测到视线方向: center
检测到视线方向: center
检测到视线方向: center
检测到视线方向: center
检测到视线方向: center
检测到视线方向: center
检测到视线方向: center
检测到视线方向: center
检测到视线方向: center
检测到视线方向: center
检测到视线方向: center
检测到视线方向: center
检测到视线方向: center
检测到视线方向: center
检测到视线方向: center
检测到视线方向: center
检测到视线方向: center
检测到视线方向: center
检测到视线方向: center
检测到视线方向: center
检测到视线方向: center
检测到视线方向: center
检测到视线方向: center
检测到视线方向: center
检测到视线方向: center
检测到视线方向: center
检测到视线方向: center
检测到视线方向: center
检测到视线方向: center
检测到视线方向: center
检测到视线方向: center
检测到视线方向: center
检测到视线方向: center
检测到视线方向: center
检测到视线方向: center
检测到视线方向: center
检测到视线方向: center
检测到视线方向: center
检测到视线方向: center
检测到视线方向: center
检测到视线方向: center
检测到视线方向: center
检测到视线方向: center
检测到视线方向: center
检测到视线方向: center
检测到视线方向: center
检测到视线方向: center
检测到视线方向: center
检测到视线方向: center
检测到视线方向: center
检测到视线方向: center
检测到视线方向: center
检测到视线方向: center
检测到视线方向: center
检测到视线方向: center
检测到视线方向: center
检测到视线方向: center
检测到视线方向: center
检测到视线方向: center
检测到视线方向: center
检测到视线方向: center
检测到视线方向: center
检测到视线方向: center
检测到视线方向: center
检测到视线方向: center
检测到视线方向: center
检测到视线方向: center
检测到视线方向: center
检测到视线方向: center
检测到视线方向: center
检测到视线方向: center
检测到视线方向: center
检测到视线方向: center
检测到视线方向: center
检测到视线方向: center
检测到视线方向: center
检测到视线方向: center
检测到视线方向: center
检测到视线方向: center
检测到视线方向: center
检测到视线方向: center
检测到视线方向: center
检测到视线方向: center
检测到视线方向: center
检测到视线方向: center
检测到视线方向: center
检测到视线方向: center
检测到视线方向: center
检测到视线方向: center
检测到视线方向: center
检测到视线方向: center
检测到视线方向: center
检测到视线方向: center
检测到视线方向: center
检测到视线方向: center
检测到视线方向: center
检测到视线方向: center
检测到视线方向: center
检测到视线方向: center
检测到视线方向: center
检测到视线方向: center
检测到视线方向: center
检测到视线方向: center
检测到视线方向: center
检测到视线方向: center
检测到视线方向: center
检测到视线方向: center
检测到视线方向: center
检测到视线方向: center
检测到视线方向: center
检测到视线方向: center
检测到视线方向: center
检测到视线方向: center
检测到视线方向: center
检测到视线方向: center
检测到视线方向: center
检测到视线方向: center
检测到视线方向: center
检测到视线方向: center
检测到视线方向: center
检测到视线方向: center
检测到视线方向: center
检测到视线方向: center
检测到视线方向: center
检测到视线方向: center
检测到视线方向: center
检测到视线方向: center
检测到视线方向: center
检测到视线方向: center
检测到视线方向: center
检测到视线方向: center
检测到视线方向: center
检测到视线方向: center
检测到视线方向: center
检测到视线方向: center
检测到视线方向: center
检测到视线方向: center
检测到视线方向: center
检测到视线方向: center
检测到视线方向: center
检测到视线方向: center
检测到视线方向: center
检测到视线方向: center
检测到视线方向: center
检测到视线方向: center
检测到视线方向: center
检测到视线方向: center
检测到视线方向: center
检测到视线方向: center
检测到视线方向: center
检测到视线方向: center
检测到视线方向: center
检测到视线方向: center
检测到视线方向: center
检测到视线方向: center
检测到视线方向: center
检测到视线方向: center
检测到视线方向: center
检测到视线方向: center
检测到视线方向: center
检测到视线方向: center
检测到视线方向: center
检测到视线方向: center
检测到视线方向: center
检测到视线方向: center
检测到视线方向: center
检测到视线方向: center
检测到视线方向: center
检测到视线方向: center
检测到视线方向: center
检测到视线方向: center
检测到视线方向: center
检测到视线方向: center
检测到视线方向: center
检测到视线方向: center
检测到视线方向: center
检测到视线方向: center
检测到视线方向: center
检测到视线方向: center
检测到视线方向: center
检测到视线方向: center
检测到视线方向: center
检测到视线方向: center
检测到视线方向: center
检测到视线方向: center
检测到视线方向: center
检测到视线方向: center
检测到视线方向: center
检测到视线方向: center
检测到视线方向: center
检测到视线方向: center
检测到视线方向: center
检测到视线方向: center
检测到视线方向: center
检测到视线方向: center
检测到视线方向: center
检测到视线方向: center
检测到视线方向: center
检测到视线方向: center
检测到视线方向: center
检测到视线方向: center
检测到视线方向: center
检测到视线方向: center
检测到视线方向: center
检测到视线方向: center
检测到视线方向: center
检测到视线方向: center
检测到视线方向: center
检测到视线方向: center
检测到视线方向: center
检测到视线方向: center
检测到视线方向: center
检测到视线方向: center
检测到视线方向: center
检测到视线方向: center
检测到视线方向: center
检测到视线方向: center
检测到视线方向: center
检测到视线方向: center
检测到视线方向: center
检测到视线方向: center
检测到视线方向: center
检测到视线方向: center
检测到视线方向: center
检测到视线方向: center
检测到视线方向: center
检测到视线方向: center
检测到视线方向: center
检测到视线方向: center
检测到视线方向: center
检测到视线方向: center
摄像头检测到情绪: calm
检测到视线方向: center
检测到视线方向: center
检测到视线方向: center
检测到视线方向: center
检测到视线方向: center
摄像头检测到情绪: surprised
检测到视线方向: center
检测到视线方向: center
检测到视线方向: center
检测到视线方向: center
检测到视线方向: center

检测到视线方向: center
检测到视线方向: center
检测到视线方向: center
检测到视线方向: center
检测到视线方向: center
检测到视线方向: center
ised
检测到视线方向: center
检测到视线方向: center
检测到视线方向: center
检测到视线方向: center
摄像头检测到情绪: calm
检测到视线方向: center
检测到视线方向: center
检测到视线方向: center
检测到视线方向: center
ised
检测到视线方向: center
检测到视线方向: center
检测到视线方向: center
摄像头检测到情绪: calm
检测到视线方向: center
检测到视线方向: center
检测到视线方向: center
检测到视线方向: center
检测到视线方向: center
检测到视线方向: center
检测到视线方向: center
检测到视线方向: center
检测到视线方向: center
检测到视线方向: center
检测到视线方向: center
检测到视线方向: center
检测到视线方向: center
摄像头检测到情绪: surprised
检测到视线方向: center
检测到视线方向: center
检测到视线方向: center
检测到视线方向: center
检测到视线方向: center
检测到视线方向: center
摄像头检测到情绪: calm
检测到视线方向: center
检测到视线方向: center
检测到视线方向: center
检测到视线方向: center
检测到视线方向: center
检测到视线方向: center
检测到视线方向: center
摄像头检测到情绪: surprised
检测到视线方向: center
检测到视线方向: center
摄像头检测到情绪: calm
检测到视线方向: center
检测到视线方向: center
检测到视线方向: center
检测到视线方向: center
检测到视线方向: center
检测到视线方向: center
检测到视线方向: center
检测到视线方向: center
检测到视线方向: center
检测到视线方向: center
检测到视线方向: center
检测到视线方向: center
检测到视线方向: center
检测到视线方向: center
检测到视线方向: center
检测到视线方向: center
检测到视线方向: center
检测到视线方向: center
检测到视线方向: center
检测到视线方向: center
摄像头检测到情绪: surprised
检测到视线方向: center
检测到视线方向: center
检测到视线方向: center
检测到视线方向: center
检测到视线方向: center
检测到视线方向: center
检测到视线方向: center
检测到视线方向: center
摄像头检测到情绪: calm
检测到视线方向: center
检测到视线方向: center
摄像头检测到情绪: happy
检测到视线方向: center
检测到视线方向: center
检测到视线方向: left
视线方向已接收: left
当前头像位置: (1505, 226)
向左移动到: 1405
检测到视线方向: left
摄像头检测到情绪: calm
检测到视线方向: left
检测到视线方向: left
检测到视线方向: left
检测到视线方向: left
检测到视线方向: left
检测到视线方向: left
检测到视线方向: left
检测到视线方向: left
检测到视线方向: left
检测到视线方向: left
检测到视线方向: left
检测到视线方向: left
检测到视线方向: left
检测到视线方向: left
检测到视线方向: left
检测到视线方向: left
检测到视线方向: left
检测到视线方向: left
检测到视线方向: left
检测到视线方向: left
检测到视线方向: left
检测到视线方向: left
检测到视线方向: left
检测到视线方向: left
检测到视线方向: left
检测到视线方向: left
检测到视线方向: left
检测到视线方向: left
检测到视线方向: left
检测到视线方向: left
检测到视线方向: left
检测到视线方向: left
检测到视线方向: left
检测到视线方向: left
检测到视线方向: left
检测到视线方向: left
检测到视线方向: left
检测到视线方向: left
检测到视线方向: left
检测到视线方向: left
检测到视线方向: left
检测到视线方向: left
检测到视线方向: left
检测到视线方向: left
检测到视线方向: left
检测到视线方向: left
检测到视线方向: left
检测到视线方向: left
检测到视线方向: left
检测到视线方向: left
检测到视线方向: left
检测到视线方向: left
检测到视线方向: left
检测到视线方向: left
检测到视线方向: left
检测到视线方向: left
检测到视线方向: left
检测到视线方向: left
检测到视线方向: left
检测到视线方向: left
检测到视线方向: left
检测到视线方向: left
检测到视线方向: left
检测到视线方向: left
检测到视线方向: left
检测到视线方向: left
检测到视线方向: left
检测到视线方向: left
检测到视线方向: left
检测到视线方向: left
检测到视线方向: left
检测到视线方向: left
检测到视线方向: left
检测到视线方向: left
检测到视线方向: left
检测到视线方向: left
检测到视线方向: left
检测到视线方向: left
检测到视线方向: left
检测到视线方向: left
检测到视线方向: left
检测到视线方向: left
检测到视线方向: left
检测到视线方向: left
检测到视线方向: left
检测到视线方向: left
检测到视线方向: left
检测到视线方向: left
检测到视线方向: left
检测到视线方向: left
检测到视线方向: left
检测到视线方向: left
检测到视线方向: left
检测到视线方向: left
检测到视线方向: left
检测到视线方向: left
检测到视线方向: left
检测到视线方向: left
检测到视线方向: left
检测到视线方向: left
检测到视线方向: left
检测到视线方向: left
检测到视线方向: left
检测到视线方向: left
检测到视线方向: left
检测到视线方向: left
检测到视线方向: left
检测到视线方向: left
检测到视线方向: left
检测到视线方向: left
检测到视线方向: left
prised
检测到视线方向: left
检测到视线方向: left
检测到视线方向: left
m
检测到视线方向: left
检测到视线方向: left
检测到视线方向: left
检测到视线方向: left
检测到视线方向: left
检测到视线方向: left
检测到视线方向: left
检测到视线方向: left
检测到视线方向: left
检测到视线方向: left
检测到视线方向: left
检测到视线方向: left
检测到视线方向: left
检测到视线方向: left
检测到视线方向: left
检测到视线方向: left
prised
检测到视线方向: left
检测到视线方向: left
检测到视线方向: left
检测到视线方向: left
检测到视线方向: left
检测到视线方向: left
检测到视线方向: left
摄像头检测到情绪: calm
摄像头检测到情绪: surprised
检测到视线方向: left
检测到视线方向: left
检测到视线方向: left
检测到视线方向: left
检测到视线方向: left
检测到视线方向: left
检测到视线方向: left
检测到视线方向: left
检测到视线方向: left
检测到视线方向: left
检测到视线方向: left
检测到视线方向: left
检测到视线方向: left
检测到视线方向: left
检测到视线方向: left
检测到视线方向: left
检测到视线方向: left
检测到视线方向: left
检测到视线方向: left
检测到视线方向: left
检测到视线方向: left
检测到视线方向: left
检测到视线方向: left
摄像头检测到情绪: calm
检测到视线方向: left
检测到视线方向: left
检测到视线方向: left
检测到视线方向: left
检测到视线方向: left
检测到视线方向: left
检测到视线方向: left
检测到视线方向: left
摄像头检测到情绪: happy
检测到视线方向: left
检测到视线方向: left
检测到视线方向: left
摄像头检测到情绪: calm
检测到视线方向: left
py
检测到视线方向: left
摄像头检测到情绪: calm
检测到视线方向: left
py
检测到视线方向: left
摄像头检测到情绪: calm
检测到视线方向: left
摄像头检测到情绪: happy
检测到视线方向: left
检测到视线方向: left
检测到视线方向: left
检测到视线方向: left
检测到视线方向: left
检测到视线方向: left
m
检测到视线方向: left
检测到视线方向: left
检测到视线方向: left
检测到视线方向: center
视线方向已接收: center
当前头像位置: (1485, -39)
检测到视线方向: center
摄像头检测到情绪: surprised
检测到视线方向: center
检测到视线方向: left
摄像头检测到情绪: calm
视线方向已接收: left
当前头像位置: (1485, -39)
向左移动到: 1385
摄像头检测到情绪: happy
检测到视线方向: left
检测到视线方向: left
检测到视线方向: left
检测到视线方向: left
检测到视线方向: left
摄像头检测到情绪: calm
检测到视线方向: left
检测到视线方向: left
检测到视线方向: left
检测到视线方向: left
摄像头检测到情绪: happy
检测到视线方向: left
检测到视线方向: left
检测到视线方向: left
检测到视线方向: left
检测到视线方向: left
检测到视线方向: left
检测到视线方向: left
检测到视线方向: left
摄像头检测到情绪: calm
检测到视线方向: left
检测到视线方向: left
检测到视线方向: left
检测到视线方向: left
摄像头检测到情绪: surprised
检测到视线方向: left
检测到视线方向: left
检测到视线方向: left
检测到视线方向: left
摄像头检测到情绪: calm
检测到视线方向: left
检测到视线方向: left
检测到视线方向: left
检测到视线方向: left
摄像头检测到情绪: happy
检测到视线方向: left
检测到视线方向: left
检测到视线方向: left
检测到视线方向: left
检测到视线方向: left
检测到视线方向: left
m
检测到视线方向: left
检测到视线方向: left
检测到视线方向: left
检测到视线方向: left
检测到视线方向: left
检测到视线方向: left
检测到视线方向: left
检测到视线方向: left
检测到视线方向: left
检测到视线方向: left
检测到视线方向: left
检测到视线方向: left
检测到视线方向: left
检测到视线方向: left
检测到视线方向: left
检测到视线方向: left
检测到视线方向: left
检测到视线方向: left
检测到视线方向: left
检测到视线方向: left
检测到视线方向: left
检测到视线方向: left
检测到视线方向: left
检测到视线方向: left
检测到视线方向: left
检测到视线方向: left
摄像头检测到情绪: surprised
检测到视线方向: left
摄像头检测到情绪: calm
摄像头检测到情绪: surprised
检测到视线方向: left
检测到视线方向: left
摄像头检测到情绪: calm
检测到视线方向: left
检测到视线方向: left
检测到视线方向: left
检测到视线方向: left
检测到视线方向: left
检测到视线方向: left
检测到视线方向: left
检测到视线方向: left
检测到视线方向: left
检测到视线方向: left
检测到视线方向: left
检测到视线方向: left
检测到视线方向: left
检测到视线方向: left
检测到视线方向: left
检测到视线方向: left
检测到视线方向: left
检测到视线方向: left
检测到视线方向: left
检测到视线方向: left
检测到视线方向: left
检测到视线方向: left
检测到视线方向: left
检测到视线方向: left
检测到视线方向: left
检测到视线方向: left
检测到视线方向: left
检测到视线方向: left
检测到视线方向: left
检测到视线方向: left
检测到视线方向: left
检测到视线方向: left
检测到视线方向: left
检测到视线方向: left
检测到视线方向: left
检测到视线方向: left
检测到视线方向: left
检测到视线方向: left
检测到视线方向: left
检测到视线方向: left
检测到视线方向: left
检测到视线方向: left
检测到视线方向: left
检测到视线方向: left
检测到视线方向: left
检测到视线方向: left
检测到视线方向: left
检测到视线方向: left
检测到视线方向: left
检测到视线方向: left
检测到视线方向: left
检测到视线方向: left
检测到视线方向: left
检测到视线方向: left
检测到视线方向: left
检测到视线方向: left
检测到视线方向: left
检测到视线方向: left
检测到视线方向: left
检测到视线方向: left
检测到视线方向: left
检测到视线方向: left
检测到视线方向: left
检测到视线方向: left
检测到视线方向: left
检测到视线方向: left
检测到视线方向: left
检测到视线方向: left
检测到视线方向: left
检测到视线方向: left
检测到视线方向: left
检测到视线方向: left
检测到视线方向: left
检测到视线方向: left
检测到视线方向: left
检测到视线方向: left
检测到视线方向: left
检测到视线方向: left
检测到视线方向: left
检测到视线方向: left
检测到视线方向: left
检测到视线方向: left
检测到视线方向: left
检测到视线方向: left
检测到视线方向: left
检测到视线方向: left
检测到视线方向: left
检测到视线方向: left
检测到视线方向: left
检测到视线方向: left
检测到视线方向: left
检测到视线方向: left
检测到视线方向: left
检测到视线方向: left
检测到视线方向: left
检测到视线方向: left
检测到视线方向: left
检测到视线方向: left
检测到视线方向: left
检测到视线方向: left
检测到视线方向: left
检测到视线方向: left
检测到视线方向: left
检测到视线方向: left
检测到视线方向: left
检测到视线方向: left
检测到视线方向: left
检测到视线方向: left
检测到视线方向: left
检测到视线方向: left
检测到视线方向: left
检测到视线方向: left
检测到视线方向: left
检测到视线方向: left
检测到视线方向: left
检测到视线方向: left
检测到视线方向: left
检测到视线方向: left
检测到视线方向: left
检测到视线方向: left
检测到视线方向: left
检测到视线方向: left
检测到视线方向: left
检测到视线方向: left
检测到视线方向: left
检测到视线方向: left
检测到视线方向: left
检测到视线方向: left
检测到视线方向: left
检测到视线方向: left
检测到视线方向: left
检测到视线方向: left
检测到视线方向: left
检测到视线方向: left
检测到视线方向: left
检测到视线方向: left
检测到视线方向: left
检测到视线方向: left
检测到视线方向: left
检测到视线方向: left
检测到视线方向: left
检测到视线方向: left
检测到视线方向: left
检测到视线方向: left
检测到视线方向: left
检测到视线方向: left
检测到视线方向: left
检测到视线方向: left
检测到视线方向: left
检测到视线方向: left
检测到视线方向: left
检测到视线方向: left
检测到视线方向: left
检测到视线方向: left
检测到视线方向: left
检测到视线方向: left
检测到视线方向: left
检测到视线方向: left
检测到视线方向: left
检测到视线方向: left
检测到视线方向: left
检测到视线方向: left
检测到视线方向: left
检测到视线方向: left
检测到视线方向: left
检测到视线方向: left
检测到视线方向: left
检测到视线方向: left
检测到视线方向: left
检测到视线方向: left
检测到视线方向: left
检测到视线方向: left
检测到视线方向: left
检测到视线方向: left
自动发送消息: 我看到一些最新资讯，和你分享一下：

1. \u5c0f\u54e5\u5bb6\uff5c\u81f4\u656c\u70c8\u65e5\u4e0b\u7684\u5954\u8dd1\u8005\uff01\u6f6e\u65b0\u95fb2026\u201c\u5173...
2. \u676d\u5dde\u56db\u5b63\u9752\u5927\u7529\u5356\uff0c\u4ef7\u683c\u4e00\u6298\u518d\u6298\uff0c\u6709\u4eba7\u70b9\u591a\u8d76\u5230...
3. \u676d\u5dde82\u5c81\u5976\u5976\u5bb6\u6f0f\u6c34\u53d1\u9709\uff0c\u88ab\u8feb\u642c\u79bb6\u5e74\uff0c\u8d77\u56e0\u7adf...

网友们太有才了，这个评论绝了！
检测到视线方向: left
检测到视线方向: left
检测到视线方向: left
检测到视线方向: left
检测到视线方向: left
检测到视线方向: left
检测到视线方向: left
检测到视线方向: center
视线方向已接收: center
当前头像位置: (1385, -39)
检测到视线方向: center
检测到视线方向: center
检测到视线方向: center
检测到视线方向: left
视线方向已接收: left
当前头像位置: (1385, -39)
向左移动到: 1285
检测到视线方向: left
检测到视线方向: left
检测到视线方向: left
检测到视线方向: left
检测到视线方向: left
检测到视线方向: left
检测到视线方向: left
检测到视线方向: left
检测到视线方向: center
视线方向已接收: center
当前头像位置: (1285, -39)
检测到视线方向: center
检测到视线方向: center
检测到视线方向: center
检测到视线方向: left
视线方向已接收: left
当前头像位置: (1285, -39)
向左移动到: 1185
检测到视线方向: left
检测到视线方向: left
检测到视线方向: left
检测到视线方向: left
检测到视线方向: left
检测到视线方向: left
检测到视线方向: left
检测到视线方向: left
检测到视线方向: left
检测到视线方向: center
视线方向已接收: center
当前头像位置: (1185, -39)
检测到视线方向: left
视线方向已接收: left
当前头像位置: (1185, -39)
向左移动到: 1085
检测到视线方向: left
检测到视线方向: left
检测到视线方向: left
检测到视线方向: left
检测到视线方向: left
检测到视线方向: left
检测到视线方向: left
检测到视线方向: left
检测到视线方向: left
检测到视线方向: left
检测到视线方向: left
检测到视线方向: left
检测到视线方向: left
检测到视线方向: left
检测到视线方向: left
检测到视线方向: left
检测到视线方向: left
检测到视线方向: left
检测到视线方向: left
检测到视线方向: left
检测到视线方向: left
检测到视线方向: left
检测到视线方向: left
检测到视线方向: left
检测到视线方向: left
检测到视线方向: left
检测到视线方向: left
检测到视线方向: left
检测到视线方向: left
检测到视线方向: left
检测到视线方向: left
检测到视线方向: left
检测到视线方向: left
检测到视线方向: left
检测到视线方向: left
检测到视线方向: left
检测到视线方向: left
检测到视线方向: left
检测到视线方向: left
检测到视线方向: left
检测到视线方向: left
检测到视线方向: left
检测到视线方向: left
检测到视线方向: left
检测到视线方向: left
检测到视线方向: left
检测到视线方向: left
检测到视线方向: left
检测到视线方向: left
检测到视线方向: left
检测到视线方向: left
检测到视线方向: left
检测到视线方向: left
检测到视线方向: left
检测到视线方向: left
检测到视线方向: left
检测到视线方向: left
检测到视线方向: left
检测到视线方向: left
检测到视线方向: left
检测到视线方向: left
检测到视线方向: left
检测到视线方向: left
检测到视线方向: left
检测到视线方向: left
检测到视线方向: left
检测到视线方向: left
检测到视线方向: left
检测到视线方向: left
检测到视线方向: left
检测到视线方向: left
检测到视线方向: left
检测到视线方向: left
检测到视线方向: left
检测到视线方向: left
检测到视线方向: left
检测到视线方向: left
检测到视线方向: left
检测到视线方向: left
检测到视线方向: left
检测到视线方向: left
检测到视线方向: left
检测到视线方向: left
检测到视线方向: left
检测到视线方向: left
检测到视线方向: left
检测到视线方向: left
检测到视线方向: left
检测到视线方向: left
检测到视线方向: left
检测到视线方向: left
检测到视线方向: left
检测到视线方向: left
检测到视线方向: left
检测到视线方向: left
检测到视线方向: left
检测到视线方向: left
检测到视线方向: left
检测到视线方向: left
检测到视线方向: left
检测到视线方向: left
检测到视线方向: left
检测到视线方向: left
检测到视线方向: left
检测到视线方向: left
检测到视线方向: left
检测到视线方向: left
检测到视线方向: left
检测到视线方向: left
检测到视线方向: left
检测到视线方向: left
检测到视线方向: left
检测到视线方向: left
检测到视线方向: left
检测到视线方向: left
检测到视线方向: left
检测到视线方向: left
检测到视线方向: left
检测到视线方向: left
检测到视线方向: left
检测到视线方向: left
检测到视线方向: left
检测到视线方向: left
检测到视线方向: left
检测到视线方向: left
检测到视线方向: left
检测到视线方向: left
检测到视线方向: left
检测到视线方向: left
检测到视线方向: left
检测到视线方向: left
检测到视线方向: left
检测到视线方向: left
检测到视线方向: left
检测到视线方向: left
检测到视线方向: left
检测到视线方向: left
检测到视线方向: left
检测到视线方向: left
检测到视线方向: left
检测到视线方向: left
检测到视线方向: left
检测到视线方向: left
检测到视线方向: left
检测到视线方向: left
检测到视线方向: left
检测到视线方向: left
检测到视线方向: left
检测到视线方向: left
检测到视线方向: left
检测到视线方向: left
检测到视线方向: left
检测到视线方向: left
检测到视线方向: left
检测到视线方向: left
检测到视线方向: left
检测到视线方向: left
检测到视线方向: left
检测到视线方向: left
检测到视线方向: left
检测到视线方向: left
检测到视线方向: left
检测到视线方向: left
检测到视线方向: left
检测到视线方向: left
检测到视线方向: left
检测到视线方向: left
检测到视线方向: left
检测到视线方向: left
检测到视线方向: left
检测到视线方向: left
检测到视线方向: left
检测到视线方向: left
检测到视线方向: left
检测到视线方向: left
检测到视线方向: left
检测到视线方向: left
检测到视线方向: center
视线方向已接收: center
当前头像位置: (1124, 32)
检测到视线方向: left
视线方向已接收: left
当前头像位置: (1124, 32)
向左移动到: 1024
检测到视线方向: left
检测到视线方向: left
检测到视线方向: left
检测到视线方向: left
检测到视线方向: left
检测到视线方向: left
检测到视线方向: left
检测到视线方向: left
检测到视线方向: left
检测到视线方向: left
检测到视线方向: left
检测到视线方向: left
检测到视线方向: left
检测到视线方向: left
检测到视线方向: left
检测到视线方向: left
检测到视线方向: left
检测到视线方向: left
检测到视线方向: left
检测到视线方向: left
检测到视线方向: left
检测到视线方向: left
检测到视线方向: left
检测到视线方向: left
检测到视线方向: left
检测到视线方向: left
检测到视线方向: left
检测到视线方向: left
检测到视线方向: left
检测到视线方向: left
检测到视线方向: left
检测到视线方向: left
检测到视线方向: left
检测到视线方向: left
检测到视线方向: left
检测到视线方向: left
检测到视线方向: left
检测到视线方向: left
检测到视线方向: left
检测到视线方向: left
检测到视线方向: left
检测到视线方向: left
检测到视线方向: left
检测到视线方向: left
检测到视线方向: left
检测到视线方向: left
检测到视线方向: left
检测到视线方向: left
检测到视线方向: left
检测到视线方向: left
检测到视线方向: left
检测到视线方向: left
检测到视线方向: left
检测到视线方向: left
检测到视线方向: left
检测到视线方向: left
检测到视线方向: left
检测到视线方向: left
检测到视线方向: left
检测到视线方向: left
检测到视线方向: left
检测到视线方向: left
检测到视线方向: left
检测到视线方向: left
检测到视线方向: left
检测到视线方向: left
检测到视线方向: left
检测到视线方向: left
检测到视线方向: left
检测到视线方向: left
检测到视线方向: left
检测到视线方向: left
检测到视线方向: left
检测到视线方向: left
检测到视线方向: left
检测到视线方向: left
检测到视线方向: left
检测到视线方向: left
检测到视线方向: left
检测到视线方向: left
检测到视线方向: left
检测到视线方向: left
检测到视线方向: left
检测到视线方向: left
检测到视线方向: left
检测到视线方向: left
检测到视线方向: left
摄像头检测到情绪: surprised
检测到视线方向: left
检测到视线方向: left
摄像头检测到情绪: calm
检测到视线方向: left
检测到视线方向: left
检测到视线方向: left
摄像头检测到情绪: surprised
检测到视线方向: left
检测到视线方向: left
检测到视线方向: left
检测到视线方向: left
检测到视线方向: left
检测到视线方向: left
摄像头检测到情绪: happy
检测到视线方向: left
检测到视线方向: left
检测到视线方向: center
视线方向已接收: center
当前头像位置: (1024, 32)
检测到视线方向: center
检测到视线方向: center
摄像头检测到情绪: surprised
检测到视线方向: center
检测到视线方向: left
视线方向已接收: left
当前头像位置: (1024, 32)
向左移动到: 924
检测到视线方向: left
检测到视线方向: left
摄像头检测到情绪: happy
摄像头检测到情绪: calm
摄像头检测到情绪: happy
检测到视线方向: left
检测到视线方向: left
检测到视线方向: left
摄像头检测到情绪: calm
检测到视线方向: left
检测到视线方向: left
检测到视线方向: left
检测到视线方向: left
摄像头检测到情绪: surprised
检测到视线方向: left
检测到视线方向: left
m
检测到视线方向: left
检测到视线方向: left
检测到视线方向: left
检测到视线方向: left
检测到视线方向: center
视线方向已接收: center
当前头像位置: (422, 51)
检测到视线方向: left
视线方向已接收: left
当前头像位置: (422, 51)
向左移动到: 322
检测到视线方向: right
视线方向已接收: right
当前头像位置: (322, 51)
向右移动到: 422
检测到视线方向: left
视线方向已接收: left
当前头像位置: (422, 51)
向左移动到: 322
检测到视线方向: left
检测到视线方向: left
检测到视线方向: left
摄像头检测到情绪: surprised
检测到视线方向: left
摄像头检测到情绪: calm
检测到视线方向: center
视线方向已接收: center
当前头像位置: (322, 51)
检测到视线方向: left
视线方向已接收: left
当前头像位置: (1242, 330)
向左移动到: 1142
检测到视线方向: left
检测到视线方向: left
检测到视线方向: left
检测到视线方向: left
检测到视线方向: left
检测到视线方向: left
检测到视线方向: left
检测到视线方向: left
检测到视线方向: left
检测到视线方向: left
检测到视线方向: left
检测到视线方向: left
检测到视线方向: center
视线方向已接收: center
当前头像位置: (1142, 330)
检测到视线方向: center
检测到视线方向: left
视线方向已接收: left
当前头像位置: (1142, 330)
向左移动到: 1042
检测到视线方向: left
检测到视线方向: left
检测到视线方向: left
检测到视线方向: left
检测到视线方向: left
检测到视线方向: left
检测到视线方向: left
检测到视线方向: left
检测到视线方向: center
视线方向已接收: center
当前头像位置: (1042, 330)
检测到视线方向: left
视线方向已接收: left
当前头像位置: (1042, 330)
向左移动到: 942
检测到视线方向: left
摄像头检测到情绪: surprised
检测到视线方向: left
检测到视线方向: left
检测到视线方向: left
检测到视线方向: left
检测到视线方向: left
检测到视线方向: center
视线方向已接收: center
当前头像位置: (942, 330)
摄像头检测到情绪: happy
检测到视线方向: center
检测到视线方向: center
检测到视线方向: center
检测到视线方向: center
检测到视线方向: center
检测到视线方向: center
检测到视线方向: center
ised
检测到视线方向: center
检测到视线方向: center
检测到视线方向: center
检测到视线方向: center
检测到视线方向: center
检测到视线方向: center
检测到视线方向: center
检测到视线方向: center
检测到视线方向: center
检测到视线方向: center
检测到视线方向: center
检测到视线方向: center
检测到视线方向: center
检测到视线方向: center
检测到视线方向: center
检测到视线方向: center
检测到视线方向: center
检测到视线方向: center
检测到视线方向: center
检测到视线方向: center
检测到视线方向: center
检测到视线方向: center
检测到视线方向: center
摄像头检测到情绪: happy
